Archive member included to satisfy reference by file (symbol)

c:/st/stm32cubeide_1.10.1/stm32cubeide/plugins/com.st.stm32cube.ide.mcu.externaltools.gnu-tools-for-stm32.10.3-2021.10.win32_1.0.0.202111181127/tools/bin/../lib/gcc/arm-none-eabi/10.3.1/../../../../arm-none-eabi/lib/thumb/v7-m/nofp\libc_nano.a(lib_a-errno.o)
                              ./Core/Src/syscalls.o (__errno)
c:/st/stm32cubeide_1.10.1/stm32cubeide/plugins/com.st.stm32cube.ide.mcu.externaltools.gnu-tools-for-stm32.10.3-2021.10.win32_1.0.0.202111181127/tools/bin/../lib/gcc/arm-none-eabi/10.3.1/../../../../arm-none-eabi/lib/thumb/v7-m/nofp\libc_nano.a(lib_a-exit.o)
                              c:/st/stm32cubeide_1.10.1/stm32cubeide/plugins/com.st.stm32cube.ide.mcu.externaltools.gnu-tools-for-stm32.10.3-2021.10.win32_1.0.0.202111181127/tools/bin/../lib/gcc/arm-none-eabi/10.3.1/../../../../arm-none-eabi/lib/thumb/v7-m/nofp/crt0.o (exit)
c:/st/stm32cubeide_1.10.1/stm32cubeide/plugins/com.st.stm32cube.ide.mcu.externaltools.gnu-tools-for-stm32.10.3-2021.10.win32_1.0.0.202111181127/tools/bin/../lib/gcc/arm-none-eabi/10.3.1/../../../../arm-none-eabi/lib/thumb/v7-m/nofp\libc_nano.a(lib_a-impure.o)
                              c:/st/stm32cubeide_1.10.1/stm32cubeide/plugins/com.st.stm32cube.ide.mcu.externaltools.gnu-tools-for-stm32.10.3-2021.10.win32_1.0.0.202111181127/tools/bin/../lib/gcc/arm-none-eabi/10.3.1/../../../../arm-none-eabi/lib/thumb/v7-m/nofp\libc_nano.a(lib_a-exit.o) (_global_impure_ptr)
c:/st/stm32cubeide_1.10.1/stm32cubeide/plugins/com.st.stm32cube.ide.mcu.externaltools.gnu-tools-for-stm32.10.3-2021.10.win32_1.0.0.202111181127/tools/bin/../lib/gcc/arm-none-eabi/10.3.1/../../../../arm-none-eabi/lib/thumb/v7-m/nofp\libc_nano.a(lib_a-init.o)
                              c:/st/stm32cubeide_1.10.1/stm32cubeide/plugins/com.st.stm32cube.ide.mcu.externaltools.gnu-tools-for-stm32.10.3-2021.10.win32_1.0.0.202111181127/tools/bin/../lib/gcc/arm-none-eabi/10.3.1/../../../../arm-none-eabi/lib/thumb/v7-m/nofp/crt0.o (__libc_init_array)
c:/st/stm32cubeide_1.10.1/stm32cubeide/plugins/com.st.stm32cube.ide.mcu.externaltools.gnu-tools-for-stm32.10.3-2021.10.win32_1.0.0.202111181127/tools/bin/../lib/gcc/arm-none-eabi/10.3.1/../../../../arm-none-eabi/lib/thumb/v7-m/nofp\libc_nano.a(lib_a-memset.o)
                              c:/st/stm32cubeide_1.10.1/stm32cubeide/plugins/com.st.stm32cube.ide.mcu.externaltools.gnu-tools-for-stm32.10.3-2021.10.win32_1.0.0.202111181127/tools/bin/../lib/gcc/arm-none-eabi/10.3.1/../../../../arm-none-eabi/lib/thumb/v7-m/nofp/crt0.o (memset)
c:/st/stm32cubeide_1.10.1/stm32cubeide/plugins/com.st.stm32cube.ide.mcu.externaltools.gnu-tools-for-stm32.10.3-2021.10.win32_1.0.0.202111181127/tools/bin/../lib/gcc/arm-none-eabi/10.3.1/../../../../arm-none-eabi/lib/thumb/v7-m/nofp\libc_nano.a(lib_a-printf.o)
                              ./Core/Src/main.o (printf)
c:/st/stm32cubeide_1.10.1/stm32cubeide/plugins/com.st.stm32cube.ide.mcu.externaltools.gnu-tools-for-stm32.10.3-2021.10.win32_1.0.0.202111181127/tools/bin/../lib/gcc/arm-none-eabi/10.3.1/../../../../arm-none-eabi/lib/thumb/v7-m/nofp\libc_nano.a(lib_a-findfp.o)
                              c:/st/stm32cubeide_1.10.1/stm32cubeide/plugins/com.st.stm32cube.ide.mcu.externaltools.gnu-tools-for-stm32.10.3-2021.10.win32_1.0.0.202111181127/tools/bin/../lib/gcc/arm-none-eabi/10.3.1/../../../../arm-none-eabi/lib/thumb/v7-m/nofp\libc_nano.a(lib_a-printf.o) (__sinit)
c:/st/stm32cubeide_1.10.1/stm32cubeide/plugins/com.st.stm32cube.ide.mcu.externaltools.gnu-tools-for-stm32.10.3-2021.10.win32_1.0.0.202111181127/tools/bin/../lib/gcc/arm-none-eabi/10.3.1/../../../../arm-none-eabi/lib/thumb/v7-m/nofp\libc_nano.a(lib_a-fwalk.o)
                              c:/st/stm32cubeide_1.10.1/stm32cubeide/plugins/com.st.stm32cube.ide.mcu.externaltools.gnu-tools-for-stm32.10.3-2021.10.win32_1.0.0.202111181127/tools/bin/../lib/gcc/arm-none-eabi/10.3.1/../../../../arm-none-eabi/lib/thumb/v7-m/nofp\libc_nano.a(lib_a-findfp.o) (_fwalk)
c:/st/stm32cubeide_1.10.1/stm32cubeide/plugins/com.st.stm32cube.ide.mcu.externaltools.gnu-tools-for-stm32.10.3-2021.10.win32_1.0.0.202111181127/tools/bin/../lib/gcc/arm-none-eabi/10.3.1/../../../../arm-none-eabi/lib/thumb/v7-m/nofp\libc_nano.a(lib_a-lock.o)
                              c:/st/stm32cubeide_1.10.1/stm32cubeide/plugins/com.st.stm32cube.ide.mcu.externaltools.gnu-tools-for-stm32.10.3-2021.10.win32_1.0.0.202111181127/tools/bin/../lib/gcc/arm-none-eabi/10.3.1/../../../../arm-none-eabi/lib/thumb/v7-m/nofp\libc_nano.a(lib_a-findfp.o) (__retarget_lock_init_recursive)
c:/st/stm32cubeide_1.10.1/stm32cubeide/plugins/com.st.stm32cube.ide.mcu.externaltools.gnu-tools-for-stm32.10.3-2021.10.win32_1.0.0.202111181127/tools/bin/../lib/gcc/arm-none-eabi/10.3.1/../../../../arm-none-eabi/lib/thumb/v7-m/nofp\libc_nano.a(lib_a-nano-mallocr.o)
[...]
Memory Configuration

Name             Origin             Length             Attributes
RAM              0x0000000020000000 0x0000000000005000 xrw
FLASH            0x0000000008000000 0x0000000000010000 xr
*default*        0x0000000000000000 0xffffffffffffffff

Linker script and memory map

LOAD c:/st/stm32cubeide_1.10.1/stm32cubeide/plugins/com.st.stm32cube.ide.mcu.externaltools.gnu-tools-for-stm32.10.3-2021.10.win32_1.0.0.202111181127/tools/bin/../lib/gcc/arm-none-eabi/10.3.1/thumb/v7-m/nofp/crti.o
LOAD c:/st/stm32cubeide_1.10.1/stm32cubeide/plugins/com.st.stm32cube.ide.mcu.externaltools.gnu-tools-for-stm32.10.3-2021.10.win32_1.0.0.202111181127/tools/bin/../lib/gcc/arm-none-eabi/10.3.1/thumb/v7-m/nofp/crtbegin.o
LOAD c:/st/stm32cubeide_1.10.1/stm32cubeide/plugins/com.st.stm32cube.ide.mcu.externaltools.gnu-tools-for-stm32.10.3-2021.10.win32_1.0.0.202111181127/tools/bin/../lib/gcc/arm-none-eabi/10.3.1/../../../../arm-none-eabi/lib/thumb/v7-m/nofp/crt0.o
LOAD ./Core/Src/bsp_i2c.o
LOAD ./Core/Src/bsp_i2c2.o
LOAD ./Core/Src/main.o
LOAD ./Core/Src/stm32f1xx_hal_msp.o
LOAD ./Core/Src/stm32f1xx_it.o
LOAD ./Core/Src/syscalls.o
LOAD ./Core/Src/sysmem.o
LOAD ./Core/Src/system_stm32f1xx.o
LOAD ./Core/Src/tca9535.o
LOAD ./Core/Src/vl6180x_api.o
LOAD ./Core/Src/vl6180x_i2c.o
LOAD ./Core/Startup/startup_stm32f103c8tx.o
LOAD ./Drivers/STM32F1xx_HAL_Driver/Src/stm32f1xx_hal.o
LOAD ./Drivers/STM32F1xx_HAL_Driver/Src/stm32f1xx_hal_cortex.o
LOAD ./Drivers/STM32F1xx_HAL_Driver/Src/stm32f1xx_hal_dma.o
LOAD ./Drivers/STM32F1xx_HAL_Driver/Src/stm32f1xx_hal_exti.o
LOAD ./Drivers/STM32F1xx_HAL_Driver/Src/stm32f1xx_hal_flash.o
LOAD ./Drivers/STM32F1xx_HAL_Driver/Src/stm32f1xx_hal_flash_ex.o
LOAD ./Drivers/STM32F1xx_HAL_Driver/Src/stm32f1xx_hal_gpio.o
LOAD ./Drivers/STM32F1xx_HAL_Driver/Src/stm32f1xx_hal_gpio_ex.o
LOAD ./Drivers/STM32F1xx_HAL_Driver/Src/stm32f1xx_hal_pwr.o
LOAD ./Drivers/STM32F1xx_HAL_Driver/Src/stm32f1xx_hal_rcc.o
LOAD ./Drivers/STM32F1xx_HAL_Driver/Src/stm32f1xx_hal_rcc_ex.o
LOAD ./Drivers/STM32F1xx_HAL_Driver/Src/stm32f1xx_hal_tim.o
LOAD ./Drivers/STM32F1xx_HAL_Driver/Src/stm32f1xx_hal_tim_ex.o
LOAD ./Drivers/STM32F1xx_HAL_Driver/Src/stm32f1xx_hal_uart.o
START GROUP
LOAD c:/st/stm32cubeide_1.10.1/stm32cubeide/plugins/com.st.stm32cube.ide.mcu.externaltools.gnu-tools-for-stm32.10.3-2021.10.win32_1.0.0.202111181127/tools/bin/../lib/gcc/arm-none-eabi/10.3.1/../../../../arm-none-eabi/lib/thumb/v7-m/nofp\libc_nano.a
LOAD c:/st/stm32cubeide_1.10.1/stm32cubeide/plugins/com.st.stm32cube.ide.mcu.externaltools.gnu-tools-for-stm32.10.3-2021.10.win32_1.0.0.202111181127/tools/bin/../lib/gcc/arm-none-eabi/10.3.1/../../../../arm-none-eabi/lib/thumb/v7-m/nofp\libm.a
END GROUP
START GROUP
LOAD c:/st/stm32cubeide_1.10.1/stm32cubeide/plugins/com.st.stm32cube.ide.mcu.externaltools.gnu-tools-for-stm32.10.3-2021.10.win32_1.0.0.202111181127/tools/bin/../lib/gcc/arm-none-eabi/10.3.1/thumb/v7-m/nofp\libgcc.a
LOAD c:/st/stm32cubeide_1.10.1/stm32cubeide/plugins/com.st.stm32cube.ide.mcu.externaltools.gnu-tools-for-stm32.10.3-2021.10.win32_1.0.0.202111181127/tools/bin/../lib/gcc/arm-none-eabi/10.3.1/../../../../arm-none-eabi/lib/thumb/v7-m/nofp\libc_nano.a
END GROUP
START GROUP
LOAD c:/st/stm32cubeide_1.10.1/stm32cubeide/plugins/com.st.stm32cube.ide.mcu.externaltools.gnu-tools-for-stm32.10.3-2021.10.win32_1.0.0.202111181127/tools/bin/../lib/gcc/arm-none-eabi/10.3.1/thumb/v7-m/nofp\libgcc.a
LOAD c:/st/stm32cubeide_1.10.1/stm32cubeide/plugins/com.st.stm32cube.ide.mcu.externaltools.gnu-tools-for-stm32.10.3-2021.10.win32_1.0.0.202111181127/tools/bin/../lib/gcc/arm-none-eabi/10.3.1/../../../../arm-none-eabi/lib/thumb/v7-m/nofp\libc_nano.a
LOAD c:/st/stm32cubeide_1.10.1/stm32cubeide/plugins/com.st.stm32cube.ide.mcu.externaltools.gnu-tools-for-stm32.10.3-2021.10.win32_1.0.0.202111181127/tools/bin/../lib/gcc/arm-none-eabi/10.3.1/../../../../arm-none-eabi/lib/thumb/v7-m/nofp\libnosys.a
END GROUP
START GROUP
LOAD c:/st/stm32cubeide_1.10.1/stm32cubeide/plugins/com.st.stm32cube.ide.mcu.externaltools.gnu-tools-for-stm32.10.3-2021.10.win32_1.0.0.202111181127/tools/bin/../lib/gcc/arm-none-eabi/10.3.1/thumb/v7-m/nofp\libgcc.a
LOAD c:/st/stm32cubeide_1.10.1/stm32cubeide/plugins/com.st.stm32cube.ide.mcu.externaltools.gnu-tools-for-stm32.10.3-2021.10.win32_1.0.0.202111181127/tools/bin/../lib/gcc/arm-none-eabi/10.3.1/../../../../arm-none-eabi/lib/thumb/v7-m/nofp\libc_nano.a
LOAD c:/st/stm32cubeide_1.10.1/stm32cubeide/plugins/com.st.stm32cube.ide.mcu.externaltools.gnu-tools-for-stm32.10.3-2021.10.win32_1.0.0.202111181127/tools/bin/../lib/gcc/arm-none-eabi/10.3.1/../../../../arm-none-eabi/lib/thumb/v7-m/nofp\libnosys.a
END GROUP
LOAD c:/st/stm32cubeide_1.10.1/stm32cubeide/plugins/com.st.stm32cube.ide.mcu.externaltools.gnu-tools-for-stm32.10.3-2021.10.win32_1.0.0.202111181127/tools/bin/../lib/gcc/arm-none-eabi/10.3.1/thumb/v7-m/nofp/crtend.o
LOAD c:/st/stm32cubeide_1.10.1/stm32cubeide/plugins/com.st.stm32cube.ide.mcu.externaltools.gnu-tools-for-stm32.10.3-2021.10.win32_1.0.0.202111181127/tools/bin/../lib/gcc/arm-none-eabi/10.3.1/thumb/v7-m/nofp/crtn.o
                0x0000000020005000                _estack = (ORIGIN (RAM) + LENGTH (RAM))
                0x0000000000000200                _Min_Heap_Size = 0x200
                0x0000000000000400                _Min_Stack_Size = 0x400

.isr_vector     0x0000000008000000      0x10c
                0x0000000008000000                . = ALIGN (0x4)
 *(.isr_vector)
 .isr_vector    0x0000000008000000      0x10c ./Core/Startup/startup_stm32f103c8tx.o
                0x0000000008000000                g_pfnVectors
                0x000000000800010c                . = ALIGN (0x4)

.text           0x000000000800010c     0x5088
                0x000000000800010c                . = ALIGN (0x4)
 *(.text)
 .text          0x000000000800010c       0x40 c:/st/stm32cubeide_1.10.1/stm32cubeide/plugins/com.st.stm32cube.ide.mcu.externaltools.gnu-tools-for-stm32.10.3-2021.10.win32_1.0.0.202111181127/tools/bin/../lib/gcc/arm-none-eabi/10.3.1/thumb/v7-m/nofp/crtbegin.o
 *(.text*)
 .text.I2C_Delay
                0x000000000800014c       0x24 ./Core/Src/bsp_i2c.o
 .text.I2C_Start
                0x0000000008000170       0x40 ./Core/Src/bsp_i2c.o
                0x0000000008000170                I2C_Start
 .text.I2C_Stop
                0x00000000080001b0       0x30 ./Core/Src/bsp_i2c.o
                0x00000000080001b0                I2C_Stop
 .text.I2C_SendByte
                0x00000000080001e0       0x80 ./Core/Src/bsp_i2c.o
                0x00000000080001e0                I2C_SendByte
 .text.I2C_ReadByte
                0x0000000008000260       0x74 ./Core/Src/bsp_i2c.o
                0x0000000008000260                I2C_ReadByte
 .text.I2C_WaitAck
                0x00000000080002d4       0x58 ./Core/Src/bsp_i2c.o
                0x00000000080002d4                I2C_WaitAck
 .text.I2C_Ack  0x000000000800032c       0x40 ./Core/Src/bsp_i2c.o
                0x000000000800032c                I2C_Ack
 .text.I2C_NAck
                0x000000000800036c       0x38 ./Core/Src/bsp_i2c.o
                0x000000000800036c                I2C_NAck
 .text.I2C_Delay2
                0x00000000080003a4       0x24 ./Core/Src/bsp_i2c2.o
 .text.I2C_Start2
                0x00000000080003c8       0x48 ./Core/Src/bsp_i2c2.o
                0x00000000080003c8                I2C_Start2
 .text.I2C_Stop2
                0x0000000008000410       0x34 ./Core/Src/bsp_i2c2.o
                0x0000000008000410                I2C_Stop2
 .text.I2C_SendByte2
                0x0000000008000444       0x88 ./Core/Src/bsp_i2c2.o
                0x0000000008000444                I2C_SendByte2
 .text.I2C_WaitAck2
                0x00000000080004cc       0x60 ./Core/Src/bsp_i2c2.o
                0x00000000080004cc                I2C_WaitAck2
 .text.__io_putchar
                0x000000000800052c       0x24 ./Core/Src/main.o
                0x000000000800052c                __io_putchar
 .text.__io_getchar
                0x0000000008000550       0x24 ./Core/Src/main.o
                0x0000000008000550                __io_getchar
 .text.main     0x0000000008000574       0xe4 ./Core/Src/main.o
                0x0000000008000574                main
 .text.SystemClock_Config
                0x0000000008000658       0x82 ./Core/Src/main.o
                0x0000000008000658                SystemClock_Config
 *fill*         0x00000000080006da        0x2 
 .text.MX_USART1_UART_Init
                0x00000000080006dc       0x54 ./Core/Src/main.o
 .text.MX_GPIO_Init
                0x0000000008000730       0xe4 ./Core/Src/main.o
 .text.Sample_SimpleRanging
                0x0000000008000814      0x150 ./Core/Src/main.o
                0x0000000008000814                Sample_SimpleRanging
 .text.Error_Handler
                0x0000000008000964        0xa ./Core/Src/main.o
                0x0000000008000964                Error_Handler
 *fill*         0x000000000800096e        0x2 
 .text.HAL_MspInit
                0x0000000008000970       0x64 ./Core/Src/stm32f1xx_hal_msp.o
                0x0000000008000970                HAL_MspInit
 .text.HAL_UART_MspInit
                0x00000000080009d4       0x98 ./Core/Src/stm32f1xx_hal_msp.o
                0x00000000080009d4                HAL_UART_MspInit
 .text.NMI_Handler
                0x0000000008000a6c        0x6 ./Core/Src/stm32f1xx_it.o
                0x0000000008000a6c                NMI_Handler
 .text.HardFault_Handler
                0x0000000008000a72        0x6 ./Core/Src/stm32f1xx_it.o
                0x0000000008000a72                HardFault_Handler
 .text.MemManage_Handler
                0x0000000008000a78        0x6 ./Core/Src/stm32f1xx_it.o
                0x0000000008000a78                MemManage_Handler
 .text.BusFault_Handler
                0x0000000008000a7e        0x6 ./Core/Src/stm32f1xx_it.o
                0x0000000008000a7e                BusFault_Handler
 .text.UsageFault_Handler
                0x0000000008000a84        0x6 ./Core/Src/stm32f1xx_it.o
                0x0000000008000a84                UsageFault_Handler
 .text.SVC_Handler
                0x0000000008000a8a        0xc ./Core/Src/stm32f1xx_it.o
                0x0000000008000a8a                SVC_Handler
 .text.DebugMon_Handler
                0x0000000008000a96        0xc ./Core/Src/stm32f1xx_it.o
                0x0000000008000a96                DebugMon_Handler
 .text.PendSV_Handler
                0x0000000008000aa2        0xc ./Core/Src/stm32f1xx_it.o
                0x0000000008000aa2                PendSV_Handler
 .text.SysTick_Handler
                0x0000000008000aae        0xc ./Core/Src/stm32f1xx_it.o
                0x0000000008000aae                SysTick_Handler
 .text._read    0x0000000008000aba       0x3a ./Core/Src/syscalls.o
                0x0000000008000aba                _read
 .text._write   0x0000000008000af4       0x38 ./Core/Src/syscalls.o
                0x0000000008000af4                _write
 .text._close   0x0000000008000b2c       0x16 ./Core/Src/syscalls.o
                0x0000000008000b2c                _close
 .text._fstat   0x0000000008000b42       0x1e ./Core/Src/syscalls.o
                0x0000000008000b42                _fstat
 .text._isatty  0x0000000008000b60       0x14 ./Core/Src/syscalls.o
                0x0000000008000b60                _isatty
 .text._lseek   0x0000000008000b74       0x18 ./Core/Src/syscalls.o
                0x0000000008000b74                _lseek
 .text._sbrk    0x0000000008000b8c       0x6c ./Core/Src/sysmem.o
                0x0000000008000b8c                _sbrk
 .text.SystemInit
                0x0000000008000bf8        0xc ./Core/Src/system_stm32f1xx.o
                0x0000000008000bf8                SystemInit
 .text.TCA9535_WrByte
                0x0000000008000c04       0x42 ./Core/Src/tca9535.o
                0x0000000008000c04                TCA9535_WrByte
 .text.I2C2Write
                0x0000000008000c46       0x82 ./Core/Src/tca9535.o
                0x0000000008000c46                I2C2Write
 .text.VL6180x_InitData
                0x0000000008000cc8      0x114 ./Core/Src/vl6180x_api.o
                0x0000000008000cc8                VL6180x_InitData
 .text.VL6180x_SetI2CAddress
                0x0000000008000ddc       0x2a ./Core/Src/vl6180x_api.o
                0x0000000008000ddc                VL6180x_SetI2CAddress
 .text.VL6180x_StaticInit
                0x0000000008000e06       0x84 ./Core/Src/vl6180x_api.o
                0x0000000008000e06                VL6180x_StaticInit
 .text.VL6180x_SetGroupParamHold
                0x0000000008000e8a       0x32 ./Core/Src/vl6180x_api.o
                0x0000000008000e8a                VL6180x_SetGroupParamHold
 .text.VL6180x_Prepare
                0x0000000008000ebc       0xc4 ./Core/Src/vl6180x_api.o
                0x0000000008000ebc                VL6180x_Prepare
 .text.VL6180x_AlsConfigInterrupt
                0x0000000008000f80       0x36 ./Core/Src/vl6180x_api.o
                0x0000000008000f80                VL6180x_AlsConfigInterrupt
 .text.VL6180x_AlsSetThresholds
                0x0000000008000fb6       0x3c ./Core/Src/vl6180x_api.o
                0x0000000008000fb6                VL6180x_AlsSetThresholds
 .text.VL6180x_AlsSetAnalogueGain
                0x0000000008000ff2       0x4c ./Core/Src/vl6180x_api.o
                0x0000000008000ff2                VL6180x_AlsSetAnalogueGain
 *fill*         0x000000000800103e        0x2 
 .text.VL6180x_AlsSetInterMeasurementPeriod
                0x0000000008001040       0x44 ./Core/Src/vl6180x_api.o
                0x0000000008001040                VL6180x_AlsSetInterMeasurementPeriod
 .text.VL6180x_AlsSetIntegrationPeriod
                0x0000000008001084       0x5e ./Core/Src/vl6180x_api.o
                0x0000000008001084                VL6180x_AlsSetIntegrationPeriod
 .text.VL6180x_RangePollMeasurement
                0x00000000080010e2       0x86 ./Core/Src/vl6180x_api.o
                0x00000000080010e2                VL6180x_RangePollMeasurement
 .text.VL6180x_GetCachedDWord
                0x0000000008001168       0x7a ./Core/Src/vl6180x_api.o
                0x0000000008001168                VL6180x_GetCachedDWord
 .text.VL6180x_GetCachedWord
                0x00000000080011e2       0x68 ./Core/Src/vl6180x_api.o
                0x00000000080011e2                VL6180x_GetCachedWord
 .text.VL6180x_GetCachedByte
                0x000000000800124a       0x56 ./Core/Src/vl6180x_api.o
                0x000000000800124a                VL6180x_GetCachedByte
 .text._CachedRegs_Fetch
                0x00000000080012a0       0x3e ./Core/Src/vl6180x_api.o
                0x00000000080012a0                _CachedRegs_Fetch
 .text._CachedRegs_Flush
                0x00000000080012de       0x1a ./Core/Src/vl6180x_api.o
                0x00000000080012de                _CachedRegs_Flush
 .text.VL6180x_RangeGetMeasurement
                0x00000000080012f8       0xda ./Core/Src/vl6180x_api.o
                0x00000000080012f8                VL6180x_RangeGetMeasurement
 .text.VL6180x_RangeGetResult
                0x00000000080013d2       0x3e ./Core/Src/vl6180x_api.o
                0x00000000080013d2                VL6180x_RangeGetResult
 .text.VL6180x_RangeSetRawThresholds
                0x0000000008001410       0x3c ./Core/Src/vl6180x_api.o
                0x0000000008001410                VL6180x_RangeSetRawThresholds
 .text.VL6180x_RangeSetThresholds
                0x000000000800144c       0x98 ./Core/Src/vl6180x_api.o
                0x000000000800144c                VL6180x_RangeSetThresholds
 .text.VL6180x_RangeGetThresholds
                0x00000000080014e4       0x84 ./Core/Src/vl6180x_api.o
                0x00000000080014e4                VL6180x_RangeGetThresholds
 .text.VL6180x_RangeGetInterruptStatus
                0x0000000008001568       0x30 ./Core/Src/vl6180x_api.o
                0x0000000008001568                VL6180x_RangeGetInterruptStatus
 .text.VL6180x_ClearInterrupt
                0x0000000008001598       0x32 ./Core/Src/vl6180x_api.o
                0x0000000008001598                VL6180x_ClearInterrupt
 .text._UpscaleInitPatch0
                0x00000000080015ca       0x28 ./Core/Src/vl6180x_api.o
 .text.VL6180x_UpscaleRegInit
                0x00000000080015f2      0x1a8 ./Core/Src/vl6180x_api.o
                0x00000000080015f2                VL6180x_UpscaleRegInit
 *fill*         0x000000000800179a        0x2 
 .text.VL6180x_UpscaleSetScaling
                0x000000000800179c       0xf4 ./Core/Src/vl6180x_api.o
                0x000000000800179c                VL6180x_UpscaleSetScaling
 .text.VL6180x_UpscaleStaticInit
                0x0000000008001890       0x3c ./Core/Src/vl6180x_api.o
 .text.VL6180x_RangeConfigInterrupt
                0x00000000080018cc       0x32 ./Core/Src/vl6180x_api.o
                0x00000000080018cc                VL6180x_RangeConfigInterrupt
 .text.VL6180x_RangeSetEceState
                0x00000000080018fe       0x32 ./Core/Src/vl6180x_api.o
                0x00000000080018fe                VL6180x_RangeSetEceState
 .text.VL6180x_RangeSetMaxConvergenceTime
                0x0000000008001930       0x4c ./Core/Src/vl6180x_api.o
                0x0000000008001930                VL6180x_RangeSetMaxConvergenceTime
 .text.VL6180x_RangeSetSystemMode
                0x000000000800197c       0x32 ./Core/Src/vl6180x_api.o
                0x000000000800197c                VL6180x_RangeSetSystemMode
 .text.VL6180x_RangeSetEarlyConvergenceEestimateThreshold
                0x00000000080019ae       0xb8 ./Core/Src/vl6180x_api.o
 .text._GetAveTotalTime
                0x0000000008001a66       0x94 ./Core/Src/vl6180x_api.o
 .text._filter_Init
                0x0000000008001afa       0x7c ./Core/Src/vl6180x_api.o
 .text._filter_StdDevDamper
                0x0000000008001b76       0x74 ./Core/Src/vl6180x_api.o
 *fill*         0x0000000008001bea        0x2 
 .text._filter_Start
                0x0000000008001bec      0x98c ./Core/Src/vl6180x_api.o
 .text._filter_GetResult
                0x0000000008002578       0x9e ./Core/Src/vl6180x_api.o
 .text._GetRateResult
                0x0000000008002616      0x10c ./Core/Src/vl6180x_api.o
 .text.VL6180x_SqrtUint32
                0x0000000008002722       0x66 ./Core/Src/vl6180x_api.o
                0x0000000008002722                VL6180x_SqrtUint32
 .text._DMax_OneTimeInit
                0x0000000008002788       0x1a ./Core/Src/vl6180x_api.o
                0x0000000008002788                _DMax_OneTimeInit
 *fill*         0x00000000080027a2        0x2 
 .text._DMax_RawValueAtRateKCps
                0x00000000080027a4       0x98 ./Core/Src/vl6180x_api.o
 .text._DMax_InitData
                0x000000000800283c      0x17c ./Core/Src/vl6180x_api.o
 .text._DMax_Compute
                0x00000000080029b8       0x80 ./Core/Src/vl6180x_api.o
 .text.VL6180x_WrByte
                0x0000000008002a38       0x4a ./Core/Src/vl6180x_i2c.o
                0x0000000008002a38                VL6180x_WrByte
 .text.VL6180x_WrWord
                0x0000000008002a82       0x5a ./Core/Src/vl6180x_i2c.o
                0x0000000008002a82                VL6180x_WrWord
 .text.VL6180x_WrDWord
                0x0000000008002adc       0x6e ./Core/Src/vl6180x_i2c.o
                0x0000000008002adc                VL6180x_WrDWord
 .text.VL6180x_UpdateByte
                0x0000000008002b4a       0x8c ./Core/Src/vl6180x_i2c.o
                0x0000000008002b4a                VL6180x_UpdateByte
 .text.VL6180x_RdByte
                0x0000000008002bd6       0x60 ./Core/Src/vl6180x_i2c.o
                0x0000000008002bd6                VL6180x_RdByte
 .text.VL6180x_RdWord
                0x0000000008002c36       0x72 ./Core/Src/vl6180x_i2c.o
                0x0000000008002c36                VL6180x_RdWord
 .text.VL6180x_RdDWord
                0x0000000008002ca8       0x7e ./Core/Src/vl6180x_i2c.o
                0x0000000008002ca8                VL6180x_RdDWord
 .text.VL6180x_RdMulti
                0x0000000008002d26       0x58 ./Core/Src/vl6180x_i2c.o
                0x0000000008002d26                VL6180x_RdMulti
 .text.VL6180x_I2CWrite
                0x0000000008002d7e       0x84 ./Core/Src/vl6180x_i2c.o
                0x0000000008002d7e                VL6180x_I2CWrite
 .text.VL6180x_I2CRead
                0x0000000008002e02       0x7c ./Core/Src/vl6180x_i2c.o
                0x0000000008002e02                VL6180x_I2CRead
 *fill*         0x0000000008002e7e        0x2 
 .text.Reset_Handler
                0x0000000008002e80       0x48 ./Core/Startup/startup_stm32f103c8tx.o
                0x0000000008002e80                Reset_Handler
 .text.Default_Handler
                0x0000000008002ec8        0x2 ./Core/Startup/startup_stm32f103c8tx.o
                0x0000000008002ec8                RTC_Alarm_IRQHandler
                0x0000000008002ec8                EXTI2_IRQHandler
                0x0000000008002ec8                TIM1_CC_IRQHandler
                0x0000000008002ec8                PVD_IRQHandler
                0x0000000008002ec8                EXTI3_IRQHandler
                0x0000000008002ec8                EXTI0_IRQHandler
                0x0000000008002ec8                I2C2_EV_IRQHandler
                0x0000000008002ec8                ADC1_2_IRQHandler
                0x0000000008002ec8                SPI1_IRQHandler
                0x0000000008002ec8                TAMPER_IRQHandler
                0x0000000008002ec8                DMA1_Channel4_IRQHandler
                0x0000000008002ec8                USART3_IRQHandler
                0x0000000008002ec8                RTC_IRQHandler
                0x0000000008002ec8                DMA1_Channel7_IRQHandler
                0x0000000008002ec8                CAN1_RX1_IRQHandler
                0x0000000008002ec8                TIM4_IRQHandler
                0x0000000008002ec8                I2C1_EV_IRQHandler
                0x0000000008002ec8                DMA1_Channel6_IRQHandler
                0x0000000008002ec8                TIM3_IRQHandler
                0x0000000008002ec8                RCC_IRQHandler
                0x0000000008002ec8                TIM1_TRG_COM_IRQHandler
                0x0000000008002ec8                DMA1_Channel1_IRQHandler
                0x0000000008002ec8                Default_Handler
                0x0000000008002ec8                EXTI15_10_IRQHandler
                0x0000000008002ec8                EXTI9_5_IRQHandler
                0x0000000008002ec8                SPI2_IRQHandler
                0x0000000008002ec8                DMA1_Channel5_IRQHandler
                0x0000000008002ec8                EXTI4_IRQHandler
                0x0000000008002ec8                USB_LP_CAN1_RX0_IRQHandler
                0x0000000008002ec8                USB_HP_CAN1_TX_IRQHandler
                0x0000000008002ec8                DMA1_Channel3_IRQHandler
                0x0000000008002ec8                TIM1_UP_IRQHandler
                0x0000000008002ec8                WWDG_IRQHandler
                0x0000000008002ec8                TIM2_IRQHandler
                0x0000000008002ec8                TIM1_BRK_IRQHandler
                0x0000000008002ec8                EXTI1_IRQHandler
                0x0000000008002ec8                USART2_IRQHandler
                0x0000000008002ec8                I2C2_ER_IRQHandler
                0x0000000008002ec8                DMA1_Channel2_IRQHandler
                0x0000000008002ec8                CAN1_SCE_IRQHandler
                0x0000000008002ec8                FLASH_IRQHandler
                0x0000000008002ec8                USART1_IRQHandler
                0x0000000008002ec8                I2C1_ER_IRQHandler
                0x0000000008002ec8                USBWakeUp_IRQHandler
 *fill*         0x0000000008002eca        0x2 
 .text.HAL_Init
                0x0000000008002ecc       0x2c ./Drivers/STM32F1xx_HAL_Driver/Src/stm32f1xx_hal.o
                0x0000000008002ecc                HAL_Init
 .text.HAL_InitTick
                0x0000000008002ef8       0x60 ./Drivers/STM32F1xx_HAL_Driver/Src/stm32f1xx_hal.o
                0x0000000008002ef8                HAL_InitTick
 .text.HAL_IncTick
                0x0000000008002f58       0x24 ./Drivers/STM32F1xx_HAL_Driver/Src/stm32f1xx_hal.o
                0x0000000008002f58                HAL_IncTick
 .text.HAL_GetTick
                0x0000000008002f7c       0x14 ./Drivers/STM32F1xx_HAL_Driver/Src/stm32f1xx_hal.o
                0x0000000008002f7c                HAL_GetTick
 .text.HAL_Delay
                0x0000000008002f90       0x48 ./Drivers/STM32F1xx_HAL_Driver/Src/stm32f1xx_hal.o
                0x0000000008002f90                HAL_Delay
 .text.__NVIC_SetPriorityGrouping
                0x0000000008002fd8       0x48 ./Drivers/STM32F1xx_HAL_Driver/Src/stm32f1xx_hal_cortex.o
 .text.__NVIC_GetPriorityGrouping
                0x0000000008003020       0x1c ./Drivers/STM32F1xx_HAL_Driver/Src/stm32f1xx_hal_cortex.o
 .text.__NVIC_SetPriority
                0x000000000800303c       0x54 ./Drivers/STM32F1xx_HAL_Driver/Src/stm32f1xx_hal_cortex.o
 .text.NVIC_EncodePriority
                0x0000000008003090       0x64 ./Drivers/STM32F1xx_HAL_Driver/Src/stm32f1xx_hal_cortex.o
 .text.SysTick_Config
                0x00000000080030f4       0x44 ./Drivers/STM32F1xx_HAL_Driver/Src/stm32f1xx_hal_cortex.o
 .text.HAL_NVIC_SetPriorityGrouping
                0x0000000008003138       0x16 ./Drivers/STM32F1xx_HAL_Driver/Src/stm32f1xx_hal_cortex.o
                0x0000000008003138                HAL_NVIC_SetPriorityGrouping
 .text.HAL_NVIC_SetPriority
                0x000000000800314e       0x38 ./Drivers/STM32F1xx_HAL_Driver/Src/stm32f1xx_hal_cortex.o
                0x000000000800314e                HAL_NVIC_SetPriority
 .text.HAL_SYSTICK_Config
                0x0000000008003186       0x18 ./Drivers/STM32F1xx_HAL_Driver/Src/stm32f1xx_hal_cortex.o
                0x0000000008003186                HAL_SYSTICK_Config
 *fill*         0x000000000800319e        0x2 
 .text.HAL_GPIO_Init
                0x00000000080031a0      0x308 ./Drivers/STM32F1xx_HAL_Driver/Src/stm32f1xx_hal_gpio.o
                0x00000000080031a0                HAL_GPIO_Init
 .text.HAL_GPIO_ReadPin
                0x00000000080034a8       0x2e ./Drivers/STM32F1xx_HAL_Driver/Src/stm32f1xx_hal_gpio.o
                0x00000000080034a8                HAL_GPIO_ReadPin
 .text.HAL_GPIO_WritePin
                0x00000000080034d6       0x30 ./Drivers/STM32F1xx_HAL_Driver/Src/stm32f1xx_hal_gpio.o
                0x00000000080034d6                HAL_GPIO_WritePin
 *fill*         0x0000000008003506        0x2 
 .text.HAL_RCC_OscConfig
                0x0000000008003508      0x504 ./Drivers/STM32F1xx_HAL_Driver/Src/stm32f1xx_hal_rcc.o
                0x0000000008003508                HAL_RCC_OscConfig
 .text.HAL_RCC_ClockConfig
                0x0000000008003a0c      0x1d4 ./Drivers/STM32F1xx_HAL_Driver/Src/stm32f1xx_hal_rcc.o
                0x0000000008003a0c                HAL_RCC_ClockConfig
 .text.HAL_RCC_GetSysClockFreq
                0x0000000008003be0       0xbc ./Drivers/STM32F1xx_HAL_Driver/Src/stm32f1xx_hal_rcc.o
                0x0000000008003be0                HAL_RCC_GetSysClockFreq
 .text.HAL_RCC_GetHCLKFreq
                0x0000000008003c9c       0x14 ./Drivers/STM32F1xx_HAL_Driver/Src/stm32f1xx_hal_rcc.o
                0x0000000008003c9c                HAL_RCC_GetHCLKFreq
 .text.HAL_RCC_GetPCLK1Freq
                0x0000000008003cb0       0x28 ./Drivers/STM32F1xx_HAL_Driver/Src/stm32f1xx_hal_rcc.o
                0x0000000008003cb0                HAL_RCC_GetPCLK1Freq
 .text.HAL_RCC_GetPCLK2Freq
                0x0000000008003cd8       0x28 ./Drivers/STM32F1xx_HAL_Driver/Src/stm32f1xx_hal_rcc.o
                0x0000000008003cd8                HAL_RCC_GetPCLK2Freq
 .text.RCC_Delay
                0x0000000008003d00       0x3c ./Drivers/STM32F1xx_HAL_Driver/Src/stm32f1xx_hal_rcc.o
 .text.HAL_UART_Init
                0x0000000008003d3c       0x9a ./Drivers/STM32F1xx_HAL_Driver/Src/stm32f1xx_hal_uart.o
                0x0000000008003d3c                HAL_UART_Init
 .text.HAL_UART_Transmit
                0x0000000008003dd6      0x124 ./Drivers/STM32F1xx_HAL_Driver/Src/stm32f1xx_hal_uart.o
                0x0000000008003dd6                HAL_UART_Transmit
 .text.HAL_UART_Receive
                0x0000000008003efa      0x144 ./Drivers/STM32F1xx_HAL_Driver/Src/stm32f1xx_hal_uart.o
                0x0000000008003efa                HAL_UART_Receive
 .text.UART_WaitOnFlagUntilTimeout
                0x000000000800403e       0x94 ./Drivers/STM32F1xx_HAL_Driver/Src/stm32f1xx_hal_uart.o
 *fill*         0x00000000080040d2        0x2 
 .text.UART_SetConfig
                0x00000000080040d4      0x11c ./Drivers/STM32F1xx_HAL_Driver/Src/stm32f1xx_hal_uart.o
 .text.__errno  0x00000000080041f0        0xc c:/st/stm32cubeide_1.10.1/stm32cubeide/plugins/com.st.stm32cube.ide.mcu.externaltools.gnu-tools-for-stm32.10.3-2021.10.win32_1.0.0.202111181127/tools/bin/../lib/gcc/arm-none-eabi/10.3.1/../../../../arm-none-eabi/lib/thumb/v7-m/nofp\libc_nano.a(lib_a-errno.o)
                0x00000000080041f0                __errno
 .text.__libc_init_array
                0x00000000080041fc       0x48 c:/st/stm32cubeide_1.10.1/stm32cubeide/plugins/com.st.stm32cube.ide.mcu.externaltools.gnu-tools-for-stm32.10.3-2021.10.win32_1.0.0.202111181127/tools/bin/../lib/gcc/arm-none-eabi/10.3.1/../../../../arm-none-eabi/lib/thumb/v7-m/nofp\libc_nano.a(lib_a-init.o)
                0x00000000080041fc                __libc_init_array
 .text.memset   0x0000000008004244       0x10 c:/st/stm32cubeide_1.10.1/stm32cubeide/plugins/com.st.stm32cube.ide.mcu.externaltools.gnu-tools-for-stm32.10.3-2021.10.win32_1.0.0.202111181127/tools/bin/../lib/gcc/arm-none-eabi/10.3.1/../../../../arm-none-eabi/lib/thumb/v7-m/nofp\libc_nano.a(lib_a-memset.o)
                0x0000000008004244                memset
 .text.printf   0x0000000008004254       0x30 c:/st/stm32cubeide_1.10.1/stm32cubeide/plugins/com.st.stm32cube.ide.mcu.externaltools.gnu-tools-for-stm32.10.3-2021.10.win32_1.0.0.202111181127/tools/bin/../lib/gcc/arm-none-eabi/10.3.1/../../../../arm-none-eabi/lib/thumb/v7-m/nofp\libc_nano.a(lib_a-printf.o)
                0x0000000008004254                iprintf
                0x0000000008004254                printf
 .text.std      0x0000000008004284       0x48 c:/st/stm32cubeide_1.10.1/stm32cubeide/plugins/com.st.stm32cube.ide.mcu.externaltools.gnu-tools-for-stm32.10.3-2021.10.win32_1.0.0.202111181127/tools/bin/../lib/gcc/arm-none-eabi/10.3.1/../../../../arm-none-eabi/lib/thumb/v7-m/nofp\libc_nano.a(lib_a-findfp.o)
 .text._cleanup_r
                0x00000000080042cc        0xc c:/st/stm32cubeide_1.10.1/stm32cubeide/plugins/com.st.stm32cube.ide.mcu.externaltools.gnu-tools-for-stm32.10.3-2021.10.win32_1.0.0.202111181127/tools/bin/../lib/gcc/arm-none-eabi/10.3.1/../../../../arm-none-eabi/lib/thumb/v7-m/nofp\libc_nano.a(lib_a-findfp.o)
                0x00000000080042cc                _cleanup_r
 .text.__sfmoreglue
                0x00000000080042d8       0x2c c:/st/stm32cubeide_1.10.1/stm32cubeide/plugins/com.st.stm32cube.ide.mcu.externaltools.gnu-tools-for-stm32.10.3-2021.10.win32_1.0.0.202111181127/tools/bin/../lib/gcc/arm-none-eabi/10.3.1/../../../../arm-none-eabi/lib/thumb/v7-m/nofp\libc_nano.a(lib_a-findfp.o)
                0x00000000080042d8                __sfmoreglue
 .text.__sfp_lock_acquire
                0x0000000008004304        0xc c:/st/stm32cubeide_1.10.1/stm32cubeide/plugins/com.st.stm32cube.ide.mcu.externaltools.gnu-tools-for-stm32.10.3-2021.10.win32_1.0.0.202111181127/tools/bin/../lib/gcc/arm-none-eabi/10.3.1/../../../../arm-none-eabi/lib/thumb/v7-m/nofp\libc_nano.a(lib_a-findfp.o)
                0x0000000008004304                __sfp_lock_acquire
 .text.__sfp_lock_release
                0x0000000008004310        0xc c:/st/stm32cubeide_1.10.1/stm32cubeide/plugins/com.st.stm32cube.ide.mcu.externaltools.gnu-tools-for-stm32.10.3-2021.10.win32_1.0.0.202111181127/tools/bin/../lib/gcc/arm-none-eabi/10.3.1/../../../../arm-none-eabi/lib/thumb/v7-m/nofp\libc_nano.a(lib_a-findfp.o)
                0x0000000008004310                __sfp_lock_release
 .text.__sinit_lock_acquire
                0x000000000800431c        0xc c:/st/stm32cubeide_1.10.1/stm32cubeide/plugins/com.st.stm32cube.ide.mcu.externaltools.gnu-tools-for-stm32.10.3-2021.10.win32_1.0.0.202111181127/tools/bin/../lib/gcc/arm-none-eabi/10.3.1/../../../../arm-none-eabi/lib/thumb/v7-m/nofp\libc_nano.a(lib_a-findfp.o)
                0x000000000800431c                __sinit_lock_acquire
 .text.__sinit_lock_release
                0x0000000008004328        0xc c:/st/stm32cubeide_1.10.1/stm32cubeide/plugins/com.st.stm32cube.ide.mcu.externaltools.gnu-tools-for-stm32.10.3-2021.10.win32_1.0.0.202111181127/tools/bin/../lib/gcc/arm-none-eabi/10.3.1/../../../../arm-none-eabi/lib/thumb/v7-m/nofp\libc_nano.a(lib_a-findfp.o)
                0x0000000008004328                __sinit_lock_release
 .text.__sinit  0x0000000008004334       0x70 c:/st/stm32cubeide_1.10.1/stm32cubeide/plugins/com.st.stm32cube.ide.mcu.externaltools.gnu-tools-for-stm32.10.3-2021.10.win32_1.0.0.202111181127/tools/bin/../lib/gcc/arm-none-eabi/10.3.1/../../../../arm-none-eabi/lib/thumb/v7-m/nofp\libc_nano.a(lib_a-findfp.o)
                0x0000000008004334                __sinit
 .text.__sfp    0x00000000080043a4       0x8c c:/st/stm32cubeide_1.10.1/stm32cubeide/plugins/com.st.stm32cube.ide.mcu.externaltools.gnu-tools-for-stm32.10.3-2021.10.win32_1.0.0.202111181127/tools/bin/../lib/gcc/arm-none-eabi/10.3.1/../../../../arm-none-eabi/lib/thumb/v7-m/nofp\libc_nano.a(lib_a-findfp.o)
                0x00000000080043a4                __sfp
 .text._fwalk_reent
                0x0000000008004430       0x3e c:/st/stm32cubeide_1.10.1/stm32cubeide/plugins/com.st.stm32cube.ide.mcu.externaltools.gnu-tools-for-stm32.10.3-2021.10.win32_1.0.0.202111181127/tools/bin/../lib/gcc/arm-none-eabi/10.3.1/../../../../arm-none-eabi/lib/thumb/v7-m/nofp\libc_nano.a(lib_a-fwalk.o)
                0x0000000008004430                _fwalk_reent
 .text.__retarget_lock_init_recursive
                0x000000000800446e        0x2 c:/st/stm32cubeide_1.10.1/stm32cubeide/plugins/com.st.stm32cube.ide.mcu.externaltools.gnu-tools-for-stm32.10.3-2021.10.win32_1.0.0.202111181127/tools/bin/../lib/gcc/arm-none-eabi/10.3.1/../../../../arm-none-eabi/lib/thumb/v7-m/nofp\libc_nano.a(lib_a-lock.o)
                0x000000000800446e                __retarget_lock_init_recursive
 .text.__retarget_lock_acquire_recursive
                0x0000000008004470        0x2 c:/st/stm32cubeide_1.10.1/stm32cubeide/plugins/com.st.stm32cube.ide.mcu.externaltools.gnu-tools-for-stm32.10.3-2021.10.win32_1.0.0.202111181127/tools/bin/../lib/gcc/arm-none-eabi/10.3.1/../../../../arm-none-eabi/lib/thumb/v7-m/nofp\libc_nano.a(lib_a-lock.o)
                0x0000000008004470                __retarget_lock_acquire_recursive
 .text.__retarget_lock_release_recursive
                0x0000000008004472        0x2 c:/st/stm32cubeide_1.10.1/stm32cubeide/plugins/com.st.stm32cube.ide.mcu.externaltools.gnu-tools-for-stm32.10.3-2021.10.win32_1.0.0.202111181127/tools/bin/../lib/gcc/arm-none-eabi/10.3.1/../../../../arm-none-eabi/lib/thumb/v7-m/nofp\libc_nano.a(lib_a-lock.o)
                0x0000000008004472                __retarget_lock_release_recursive
 .text.sbrk_aligned
                0x0000000008004474       0x40 c:/st/stm32cubeide_1.10.1/stm32cubeide/plugins/com.st.stm32cube.ide.mcu.externaltools.gnu-tools-for-stm32.10.3-2021.10.win32_1.0.0.202111181127/tools/bin/../lib/gcc/arm-none-eabi/10.3.1/../../../../arm-none-eabi/lib/thumb/v7-m/nofp\libc_nano.a(lib_a-nano-mallocr.o)
 .text._malloc_r
                0x00000000080044b4       0xe8 c:/st/stm32cubeide_1.10.1/stm32cubeide/plugins/com.st.stm32cube.ide.mcu.externaltools.gnu-tools-for-stm32.10.3-2021.10.win32_1.0.0.202111181127/tools/bin/../lib/gcc/arm-none-eabi/10.3.1/../../../../arm-none-eabi/lib/thumb/v7-m/nofp\libc_nano.a(lib_a-nano-mallocr.o)
                0x00000000080044b4                _malloc_r
 .text.__sfputc_r
                0x000000000800459c       0x2a c:/st/stm32cubeide_1.10.1/stm32cubeide/plugins/com.st.stm32cube.ide.mcu.externaltools.gnu-tools-for-stm32.10.3-2021.10.win32_1.0.0.202111181127/tools/bin/../lib/gcc/arm-none-eabi/10.3.1/../../../../arm-none-eabi/lib/thumb/v7-m/nofp\libc_nano.a(lib_a-nano-vfprintf.o)
 .text.__sfputs_r
                0x00000000080045c6       0x24 c:/st/stm32cubeide_1.10.1/stm32cubeide/plugins/com.st.stm32cube.ide.mcu.externaltools.gnu-tools-for-stm32.10.3-2021.10.win32_1.0.0.202111181127/tools/bin/../lib/gcc/arm-none-eabi/10.3.1/../../../../arm-none-eabi/lib/thumb/v7-m/nofp\libc_nano.a(lib_a-nano-vfprintf.o)
                0x00000000080045c6                __sfputs_r
 *fill*         0x00000000080045ea        0x2 
 .text._vfprintf_r
                0x00000000080045ec      0x260 c:/st/stm32cubeide_1.10.1/stm32cubeide/plugins/com.st.stm32cube.ide.mcu.externaltools.gnu-tools-for-stm32.10.3-2021.10.win32_1.0.0.202111181127/tools/bin/../lib/gcc/arm-none-eabi/10.3.1/../../../../arm-none-eabi/lib/thumb/v7-m/nofp\libc_nano.a(lib_a-nano-vfprintf.o)
                0x00000000080045ec                _vfprintf_r
                0x00000000080045ec                _vfiprintf_r
 .text._printf_common
                0x000000000800484c       0xde c:/st/stm32cubeide_1.10.1/stm32cubeide/plugins/com.st.stm32cube.ide.mcu.externaltools.gnu-tools-for-stm32.10.3-2021.10.win32_1.0.0.202111181127/tools/bin/../lib/gcc/arm-none-eabi/10.3.1/../../../../arm-none-eabi/lib/thumb/v7-m/nofp\libc_nano.a(lib_a-nano-vfprintf_i.o)
                0x000000000800484c                _printf_common
 *fill*         0x000000000800492a        0x2 
 .text._printf_i
                0x000000000800492c      0x24c c:/st/stm32cubeide_1.10.1/stm32cubeide/plugins/com.st.stm32cube.ide.mcu.externaltools.gnu-tools-for-stm32.10.3-2021.10.win32_1.0.0.202111181127/tools/bin/../lib/gcc/arm-none-eabi/10.3.1/../../../../arm-none-eabi/lib/thumb/v7-m/nofp\libc_nano.a(lib_a-nano-vfprintf_i.o)
                0x000000000800492c                _printf_i
 .text._sbrk_r  0x0000000008004b78       0x20 c:/st/stm32cubeide_1.10.1/stm32cubeide/plugins/com.st.stm32cube.ide.mcu.externaltools.gnu-tools-for-stm32.10.3-2021.10.win32_1.0.0.202111181127/tools/bin/../lib/gcc/arm-none-eabi/10.3.1/../../../../arm-none-eabi/lib/thumb/v7-m/nofp\libc_nano.a(lib_a-sbrkr.o)
                0x0000000008004b78                _sbrk_r
 .text.__sread  0x0000000008004b98       0x22 c:/st/stm32cubeide_1.10.1/stm32cubeide/plugins/com.st.stm32cube.ide.mcu.externaltools.gnu-tools-for-stm32.10.3-2021.10.win32_1.0.0.202111181127/tools/bin/../lib/gcc/arm-none-eabi/10.3.1/../../../../arm-none-eabi/lib/thumb/v7-m/nofp\libc_nano.a(lib_a-stdio.o)
                0x0000000008004b98                __sread
 .text.__swrite
                0x0000000008004bba       0x38 c:/st/stm32cubeide_1.10.1/stm32cubeide/plugins/com.st.stm32cube.ide.mcu.externaltools.gnu-tools-for-stm32.10.3-2021.10.win32_1.0.0.202111181127/tools/bin/../lib/gcc/arm-none-eabi/10.3.1/../../../../arm-none-eabi/lib/thumb/v7-m/nofp\libc_nano.a(lib_a-stdio.o)
                0x0000000008004bba                __swrite
 .text.__sseek  0x0000000008004bf2       0x24 c:/st/stm32cubeide_1.10.1/stm32cubeide/plugins/com.st.stm32cube.ide.mcu.externaltools.gnu-tools-for-stm32.10.3-2021.10.win32_1.0.0.202111181127/tools/bin/../lib/gcc/arm-none-eabi/10.3.1/../../../../arm-none-eabi/lib/thumb/v7-m/nofp\libc_nano.a(lib_a-stdio.o)
                0x0000000008004bf2                __sseek
 .text.__sclose
                0x0000000008004c16        0x8 c:/st/stm32cubeide_1.10.1/stm32cubeide/plugins/com.st.stm32cube.ide.mcu.externaltools.gnu-tools-for-stm32.10.3-2021.10.win32_1.0.0.202111181127/tools/bin/../lib/gcc/arm-none-eabi/10.3.1/../../../../arm-none-eabi/lib/thumb/v7-m/nofp\libc_nano.a(lib_a-stdio.o)
                0x0000000008004c16                __sclose
 *fill*         0x0000000008004c1e        0x2 
 .text.__swbuf_r
                0x0000000008004c20       0xa4 c:/st/stm32cubeide_1.10.1/stm32cubeide/plugins/com.st.stm32cube.ide.mcu.externaltools.gnu-tools-for-stm32.10.3-2021.10.win32_1.0.0.202111181127/tools/bin/../lib/gcc/arm-none-eabi/10.3.1/../../../../arm-none-eabi/lib/thumb/v7-m/nofp\libc_nano.a(lib_a-wbuf.o)
                0x0000000008004c20                __swbuf_r
 .text._write_r
                0x0000000008004cc4       0x24 c:/st/stm32cubeide_1.10.1/stm32cubeide/plugins/com.st.stm32cube.ide.mcu.externaltools.gnu-tools-for-stm32.10.3-2021.10.win32_1.0.0.202111181127/tools/bin/../lib/gcc/arm-none-eabi/10.3.1/../../../../arm-none-eabi/lib/thumb/v7-m/nofp\libc_nano.a(lib_a-writer.o)
                0x0000000008004cc4                _write_r
 .text.__swsetup_r
                0x0000000008004ce8       0xdc c:/st/stm32cubeide_1.10.1/stm32cubeide/plugins/com.st.stm32cube.ide.mcu.externaltools.gnu-tools-for-stm32.10.3-2021.10.win32_1.0.0.202111181127/tools/bin/../lib/gcc/arm-none-eabi/10.3.1/../../../../arm-none-eabi/lib/thumb/v7-m/nofp\libc_nano.a(lib_a-wsetup.o)
                0x0000000008004ce8                __swsetup_r
 .text._close_r
                0x0000000008004dc4       0x20 c:/st/stm32cubeide_1.10.1/stm32cubeide/plugins/com.st.stm32cube.ide.mcu.externaltools.gnu-tools-for-stm32.10.3-2021.10.win32_1.0.0.202111181127/tools/bin/../lib/gcc/arm-none-eabi/10.3.1/../../../../arm-none-eabi/lib/thumb/v7-m/nofp\libc_nano.a(lib_a-closer.o)
                0x0000000008004dc4                _close_r
 .text.__sflush_r
                0x0000000008004de4      0x104 c:/st/stm32cubeide_1.10.1/stm32cubeide/plugins/com.st.stm32cube.ide.mcu.externaltools.gnu-tools-for-stm32.10.3-2021.10.win32_1.0.0.202111181127/tools/bin/../lib/gcc/arm-none-eabi/10.3.1/../../../../arm-none-eabi/lib/thumb/v7-m/nofp\libc_nano.a(lib_a-fflush.o)
                0x0000000008004de4                __sflush_r
 .text._fflush_r
                0x0000000008004ee8       0x78 c:/st/stm32cubeide_1.10.1/stm32cubeide/plugins/com.st.stm32cube.ide.mcu.externaltools.gnu-tools-for-stm32.10.3-2021.10.win32_1.0.0.202111181127/tools/bin/../lib/gcc/arm-none-eabi/10.3.1/../../../../arm-none-eabi/lib/thumb/v7-m/nofp\libc_nano.a(lib_a-fflush.o)
                0x0000000008004ee8                _fflush_r
 .text._lseek_r
                0x0000000008004f60       0x24 c:/st/stm32cubeide_1.10.1/stm32cubeide/plugins/com.st.stm32cube.ide.mcu.externaltools.gnu-tools-for-stm32.10.3-2021.10.win32_1.0.0.202111181127/tools/bin/../lib/gcc/arm-none-eabi/10.3.1/../../../../arm-none-eabi/lib/thumb/v7-m/nofp\libc_nano.a(lib_a-lseekr.o)
                0x0000000008004f60                _lseek_r
 .text.__swhatbuf_r
                0x0000000008004f84       0x4a c:/st/stm32cubeide_1.10.1/stm32cubeide/plugins/com.st.stm32cube.ide.mcu.externaltools.gnu-tools-for-stm32.10.3-2021.10.win32_1.0.0.202111181127/tools/bin/../lib/gcc/arm-none-eabi/10.3.1/../../../../arm-none-eabi/lib/thumb/v7-m/nofp\libc_nano.a(lib_a-makebuf.o)
                0x0000000008004f84                __swhatbuf_r
 *fill*         0x0000000008004fce        0x2 
 .text.__smakebuf_r
                0x0000000008004fd0       0x80 c:/st/stm32cubeide_1.10.1/stm32cubeide/plugins/com.st.stm32cube.ide.mcu.externaltools.gnu-tools-for-stm32.10.3-2021.10.win32_1.0.0.202111181127/tools/bin/../lib/gcc/arm-none-eabi/10.3.1/../../../../arm-none-eabi/lib/thumb/v7-m/nofp\libc_nano.a(lib_a-makebuf.o)
                0x0000000008004fd0                __smakebuf_r
 .text.memchr   0x0000000008005050       0x1c c:/st/stm32cubeide_1.10.1/stm32cubeide/plugins/com.st.stm32cube.ide.mcu.externaltools.gnu-tools-for-stm32.10.3-2021.10.win32_1.0.0.202111181127/tools/bin/../lib/gcc/arm-none-eabi/10.3.1/../../../../arm-none-eabi/lib/thumb/v7-m/nofp\libc_nano.a(lib_a-memchr-stub.o)
                0x0000000008005050                memchr
 .text.__malloc_lock
                0x000000000800506c        0xc c:/st/stm32cubeide_1.10.1/stm32cubeide/plugins/com.st.stm32cube.ide.mcu.externaltools.gnu-tools-for-stm32.10.3-2021.10.win32_1.0.0.202111181127/tools/bin/../lib/gcc/arm-none-eabi/10.3.1/../../../../arm-none-eabi/lib/thumb/v7-m/nofp\libc_nano.a(lib_a-mlock.o)
                0x000000000800506c                __malloc_lock
 .text.__malloc_unlock
                0x0000000008005078        0xc c:/st/stm32cubeide_1.10.1/stm32cubeide/plugins/com.st.stm32cube.ide.mcu.externaltools.gnu-tools-for-stm32.10.3-2021.10.win32_1.0.0.202111181127/tools/bin/../lib/gcc/arm-none-eabi/10.3.1/../../../../arm-none-eabi/lib/thumb/v7-m/nofp\libc_nano.a(lib_a-mlock.o)
                0x0000000008005078                __malloc_unlock
 .text._free_r  0x0000000008005084       0x90 c:/st/stm32cubeide_1.10.1/stm32cubeide/plugins/com.st.stm32cube.ide.mcu.externaltools.gnu-tools-for-stm32.10.3-2021.10.win32_1.0.0.202111181127/tools/bin/../lib/gcc/arm-none-eabi/10.3.1/../../../../arm-none-eabi/lib/thumb/v7-m/nofp\libc_nano.a(lib_a-nano-freer.o)
                0x0000000008005084                _free_r
 .text._read_r  0x0000000008005114       0x24 c:/st/stm32cubeide_1.10.1/stm32cubeide/plugins/com.st.stm32cube.ide.mcu.externaltools.gnu-tools-for-stm32.10.3-2021.10.win32_1.0.0.202111181127/tools/bin/../lib/gcc/arm-none-eabi/10.3.1/../../../../arm-none-eabi/lib/thumb/v7-m/nofp\libc_nano.a(lib_a-readr.o)
                0x0000000008005114                _read_r
 .text._fstat_r
                0x0000000008005138       0x24 c:/st/stm32cubeide_1.10.1/stm32cubeide/plugins/com.st.stm32cube.ide.mcu.externaltools.gnu-tools-for-stm32.10.3-2021.10.win32_1.0.0.202111181127/tools/bin/../lib/gcc/arm-none-eabi/10.3.1/../../../../arm-none-eabi/lib/thumb/v7-m/nofp\libc_nano.a(lib_a-fstatr.o)
                0x0000000008005138                _fstat_r
 .text._isatty_r
                0x000000000800515c       0x20 c:/st/stm32cubeide_1.10.1/stm32cubeide/plugins/com.st.stm32cube.ide.mcu.externaltools.gnu-tools-for-stm32.10.3-2021.10.win32_1.0.0.202111181127/tools/bin/../lib/gcc/arm-none-eabi/10.3.1/../../../../arm-none-eabi/lib/thumb/v7-m/nofp\libc_nano.a(lib_a-isattyr.o)
                0x000000000800515c                _isatty_r
 *(.glue_7)
 .glue_7        0x000000000800517c        0x0 linker stubs
 *(.glue_7t)
 .glue_7t       0x000000000800517c        0x0 linker stubs
 *(.eh_frame)
 .eh_frame      0x000000000800517c        0x0 c:/st/stm32cubeide_1.10.1/stm32cubeide/plugins/com.st.stm32cube.ide.mcu.externaltools.gnu-tools-for-stm32.10.3-2021.10.win32_1.0.0.202111181127/tools/bin/../lib/gcc/arm-none-eabi/10.3.1/thumb/v7-m/nofp/crtbegin.o
 *(.init)
 .init          0x000000000800517c        0x4 c:/st/stm32cubeide_1.10.1/stm32cubeide/plugins/com.st.stm32cube.ide.mcu.externaltools.gnu-tools-for-stm32.10.3-2021.10.win32_1.0.0.202111181127/tools/bin/../lib/gcc/arm-none-eabi/10.3.1/thumb/v7-m/nofp/crti.o
                0x000000000800517c                _init
 .init          0x0000000008005180        0x8 c:/st/stm32cubeide_1.10.1/stm32cubeide/plugins/com.st.stm32cube.ide.mcu.externaltools.gnu-tools-for-stm32.10.3-2021.10.win32_1.0.0.202111181127/tools/bin/../lib/gcc/arm-none-eabi/10.3.1/thumb/v7-m/nofp/crtn.o
 *(.fini)
 .fini          0x0000000008005188        0x4 c:/st/stm32cubeide_1.10.1/stm32cubeide/plugins/com.st.stm32cube.ide.mcu.externaltools.gnu-tools-for-stm32.10.3-2021.10.win32_1.0.0.202111181127/tools/bin/../lib/gcc/arm-none-eabi/10.3.1/thumb/v7-m/nofp/crti.o
                0x0000000008005188                _fini
 .fini          0x000000000800518c        0x8 c:/st/stm32cubeide_1.10.1/stm32cubeide/plugins/com.st.stm32cube.ide.mcu.externaltools.gnu-tools-for-stm32.10.3-2021.10.win32_1.0.0.202111181127/tools/bin/../lib/gcc/arm-none-eabi/10.3.1/thumb/v7-m/nofp/crtn.o
                0x0000000008005194                . = ALIGN (0x4)
                0x0000000008005194                _etext = .

.vfp11_veneer   0x0000000008005194        0x0
 .vfp11_veneer  0x0000000008005194        0x0 linker stubs

.v4_bx          0x0000000008005194        0x0
 .v4_bx         0x0000000008005194        0x0 linker stubs

.iplt           0x0000000008005194        0x0
 .iplt          0x0000000008005194        0x0 c:/st/stm32cubeide_1.10.1/stm32cubeide/plugins/com.st.stm32cube.ide.mcu.externaltools.gnu-tools-for-stm32.10.3-2021.10.win32_1.0.0.202111181127/tools/bin/../lib/gcc/arm-none-eabi/10.3.1/thumb/v7-m/nofp/crtbegin.o

.rodata         0x0000000008005194      0x158
                0x0000000008005194                . = ALIGN (0x4)
 *(.rodata)
 .rodata        0x0000000008005194       0x21 ./Core/Src/main.o
 *fill*         0x00000000080051b5        0x3 
 .rodata        0x00000000080051b8       0x10 ./Drivers/STM32F1xx_HAL_Driver/Src/stm32f1xx_hal_rcc.o
 *(.rodata*)
 .rodata.AHBPrescTable
                0x00000000080051c8       0x10 ./Core/Src/system_stm32f1xx.o
                0x00000000080051c8                AHBPrescTable
 .rodata.APBPrescTable
                0x00000000080051d8        0x8 ./Core/Src/system_stm32f1xx.o
                0x00000000080051d8                APBPrescTable
 .rodata.ScalerLookUP
                0x00000000080051e0        0x6 ./Core/Src/vl6180x_api.o
 *fill*         0x00000000080051e6        0x2 
 .rodata.UpperLimitLookUP
                0x00000000080051e8        0x6 ./Core/Src/vl6180x_api.o
 *fill*         0x00000000080051ee        0x2 
 .rodata.WrapAroundLowReturnRateLimit_ROM.27
                0x00000000080051f0        0x4 ./Core/Src/vl6180x_api.o
 .rodata.WrapAroundLowReturnRateLimit2_ROM.26
                0x00000000080051f4        0x4 ./Core/Src/vl6180x_api.o
 .rodata.WrapAroundLowReturnRateFilterLimit_ROM.25
                0x00000000080051f8        0x4 ./Core/Src/vl6180x_api.o
 .rodata.WrapAroundHighReturnRateFilterLimit_ROM.24
                0x00000000080051fc        0x4 ./Core/Src/vl6180x_api.o
 .rodata.WrapAroundLowRawRangeLimit.23
                0x0000000008005200        0x2 ./Core/Src/vl6180x_api.o
 .rodata.WrapAroundLowRawRangeLimit2.22
                0x0000000008005202        0x2 ./Core/Src/vl6180x_api.o
 .rodata.WrapAroundLowRawRangeLimit2SuspicuousAddedSignalRate.21
                0x0000000008005204        0x4 ./Core/Src/vl6180x_api.o
 .rodata.WrapAroundMaximumAmbientRateFilterLimit.20
                0x0000000008005208        0x4 ./Core/Src/vl6180x_api.o
 .rodata.MinReturnRateFilterFlush.19
                0x000000000800520c        0x4 ./Core/Src/vl6180x_api.o
 .rodata.MaxReturnRateChangeFilterFlush.18
                0x0000000008005210        0x4 ./Core/Src/vl6180x_api.o
 .rodata.WrapAroundHighRawRangeFilterLimit.17
                0x0000000008005214        0x2 ./Core/Src/vl6180x_api.o
 .rodata.WrapAroundNoDelayCheckPeriod.16
                0x0000000008005216        0x2 ./Core/Src/vl6180x_api.o
 .rodata.MAX_VAVGDiff_ROM.15
                0x0000000008005218        0x4 ./Core/Src/vl6180x_api.o
 .rodata.SuspicuousMAX_VAVGDiffRatio.14
                0x000000000800521c        0x4 ./Core/Src/vl6180x_api.o
 .rodata.StdDevLimitLowLight.13
                0x0000000008005220        0x4 ./Core/Src/vl6180x_api.o
 .rodata.StdDevLimitLowLightSNR.12
                0x0000000008005224        0x4 ./Core/Src/vl6180x_api.o
 .rodata.StdDevLimitHighLight.11
                0x0000000008005228        0x4 ./Core/Src/vl6180x_api.o
 .rodata.StdDevLimitHighLightSNR.10
                0x000000000800522c        0x4 ./Core/Src/vl6180x_api.o
 .rodata.StdDevMovingTargetStdDevLimit.9
                0x0000000008005230        0x4 ./Core/Src/vl6180x_api.o
 .rodata.StdDevMovingTargetReturnRateLimit.8
                0x0000000008005234        0x4 ./Core/Src/vl6180x_api.o
 .rodata.StdDevMovingTargetStdDevForReturnRateLimit.7
                0x0000000008005238        0x4 ./Core/Src/vl6180x_api.o
 .rodata.StdDevNoWrapDetectedMultiplier.6
                0x000000000800523c        0x4 ./Core/Src/vl6180x_api.o
 .rodata.StdDevHighConfidenceSNRLimit.5
                0x0000000008005240        0x4 ./Core/Src/vl6180x_api.o
 .rodata.StdFilteredReadsIncrement.4
                0x0000000008005244        0x2 ./Core/Src/vl6180x_api.o
 .rodata.StdMaxFilteredReads.3
                0x0000000008005246        0x2 ./Core/Src/vl6180x_api.o
 .rodata.StdFilteredReadsDecrement.2
                0x0000000008005248        0x2 ./Core/Src/vl6180x_api.o
 *fill*         0x000000000800524a        0x2 
 .rodata.MaxConvTimeAdjust.1
                0x000000000800524c        0x4 ./Core/Src/vl6180x_api.o
 .rodata.rtnAmbLowLimit_KCps.0
                0x0000000008005250        0x4 ./Core/Src/vl6180x_api.o
 .rodata._global_impure_ptr
                0x0000000008005254        0x4 c:/st/stm32cubeide_1.10.1/stm32cubeide/plugins/com.st.stm32cube.ide.mcu.externaltools.gnu-tools-for-stm32.10.3-2021.10.win32_1.0.0.202111181127/tools/bin/../lib/gcc/arm-none-eabi/10.3.1/../../../../arm-none-eabi/lib/thumb/v7-m/nofp\libc_nano.a(lib_a-impure.o)
                0x0000000008005254                _global_impure_ptr
 .rodata.__sf_fake_stderr
                0x0000000008005258       0x20 c:/st/stm32cubeide_1.10.1/stm32cubeide/plugins/com.st.stm32cube.ide.mcu.externaltools.gnu-tools-for-stm32.10.3-2021.10.win32_1.0.0.202111181127/tools/bin/../lib/gcc/arm-none-eabi/10.3.1/../../../../arm-none-eabi/lib/thumb/v7-m/nofp\libc_nano.a(lib_a-findfp.o)
                0x0000000008005258                __sf_fake_stderr
 .rodata.__sf_fake_stdin
                0x0000000008005278       0x20 c:/st/stm32cubeide_1.10.1/stm32cubeide/plugins/com.st.stm32cube.ide.mcu.externaltools.gnu-tools-for-stm32.10.3-2021.10.win32_1.0.0.202111181127/tools/bin/../lib/gcc/arm-none-eabi/10.3.1/../../../../arm-none-eabi/lib/thumb/v7-m/nofp\libc_nano.a(lib_a-findfp.o)
                0x0000000008005278                __sf_fake_stdin
 .rodata.__sf_fake_stdout
                0x0000000008005298       0x20 c:/st/stm32cubeide_1.10.1/stm32cubeide/plugins/com.st.stm32cube.ide.mcu.externaltools.gnu-tools-for-stm32.10.3-2021.10.win32_1.0.0.202111181127/tools/bin/../lib/gcc/arm-none-eabi/10.3.1/../../../../arm-none-eabi/lib/thumb/v7-m/nofp\libc_nano.a(lib_a-findfp.o)
                0x0000000008005298                __sf_fake_stdout
 .rodata._vfprintf_r.str1.1
                0x00000000080052b8       0x11 c:/st/stm32cubeide_1.10.1/stm32cubeide/plugins/com.st.stm32cube.ide.mcu.externaltools.gnu-tools-for-stm32.10.3-2021.10.win32_1.0.0.202111181127/tools/bin/../lib/gcc/arm-none-eabi/10.3.1/../../../../arm-none-eabi/lib/thumb/v7-m/nofp\libc_nano.a(lib_a-nano-vfprintf.o)
 .rodata._printf_i.str1.1
                0x00000000080052c9       0x22 c:/st/stm32cubeide_1.10.1/stm32cubeide/plugins/com.st.stm32cube.ide.mcu.externaltools.gnu-tools-for-stm32.10.3-2021.10.win32_1.0.0.202111181127/tools/bin/../lib/gcc/arm-none-eabi/10.3.1/../../../../arm-none-eabi/lib/thumb/v7-m/nofp\libc_nano.a(lib_a-nano-vfprintf_i.o)
                0x00000000080052ec                . = ALIGN (0x4)
 *fill*         0x00000000080052eb        0x1 

.rel.dyn        0x00000000080052ec        0x0
 .rel.iplt      0x00000000080052ec        0x0 c:/st/stm32cubeide_1.10.1/stm32cubeide/plugins/com.st.stm32cube.ide.mcu.externaltools.gnu-tools-for-stm32.10.3-2021.10.win32_1.0.0.202111181127/tools/bin/../lib/gcc/arm-none-eabi/10.3.1/thumb/v7-m/nofp/crtbegin.o

.ARM.extab      0x00000000080052ec        0x0
                0x00000000080052ec                . = ALIGN (0x4)
 *(.ARM.extab* .gnu.linkonce.armextab.*)
                0x00000000080052ec                . = ALIGN (0x4)

.ARM            0x00000000080052ec        0x0
                0x00000000080052ec                . = ALIGN (0x4)
                0x00000000080052ec                __exidx_start = .
 *(.ARM.exidx*)
                0x00000000080052ec                __exidx_end = .
                0x00000000080052ec                . = ALIGN (0x4)

.preinit_array  0x00000000080052ec        0x0
                0x00000000080052ec                . = ALIGN (0x4)
                0x00000000080052ec                PROVIDE (__preinit_array_start = .)
 *(.preinit_array*)
                0x00000000080052ec                PROVIDE (__preinit_array_end = .)
                0x00000000080052ec                . = ALIGN (0x4)

.init_array     0x00000000080052ec        0x4
                0x00000000080052ec                . = ALIGN (0x4)
                0x00000000080052ec                PROVIDE (__init_array_start = .)
 *(SORT_BY_NAME(.init_array.*))
 *(.init_array*)
 .init_array    0x00000000080052ec        0x4 c:/st/stm32cubeide_1.10.1/stm32cubeide/plugins/com.st.stm32cube.ide.mcu.externaltools.gnu-tools-for-stm32.10.3-2021.10.win32_1.0.0.202111181127/tools/bin/../lib/gcc/arm-none-eabi/10.3.1/thumb/v7-m/nofp/crtbegin.o
                0x00000000080052f0                PROVIDE (__init_array_end = .)
                0x00000000080052f0                . = ALIGN (0x4)

.fini_array     0x00000000080052f0        0x4
                0x00000000080052f0                . = ALIGN (0x4)
                [!provide]                        PROVIDE (__fini_array_start = .)
 *(SORT_BY_NAME(.fini_array.*))
 *(.fini_array*)
 .fini_array    0x00000000080052f0        0x4 c:/st/stm32cubeide_1.10.1/stm32cubeide/plugins/com.st.stm32cube.ide.mcu.externaltools.gnu-tools-for-stm32.10.3-2021.10.win32_1.0.0.202111181127/tools/bin/../lib/gcc/arm-none-eabi/10.3.1/thumb/v7-m/nofp/crtbegin.o
                [!provide]                        PROVIDE (__fini_array_end = .)
                0x00000000080052f4                . = ALIGN (0x4)
                0x00000000080052f4                _sidata = LOADADDR (.data)

.data           0x0000000020000000       0x70 load address 0x00000000080052f4
                0x0000000020000000                . = ALIGN (0x4)
                0x0000000020000000                _sdata = .
 *(.data)
 *(.data*)
 .data.SystemCoreClock
                0x0000000020000000        0x4 ./Core/Src/system_stm32f1xx.o
                0x0000000020000000                SystemCoreClock
 .data.uwTickPrio
                0x0000000020000004        0x4 ./Drivers/STM32F1xx_HAL_Driver/Src/stm32f1xx_hal.o
                0x0000000020000004                uwTickPrio
 .data.uwTickFreq
                0x0000000020000008        0x1 ./Drivers/STM32F1xx_HAL_Driver/Src/stm32f1xx_hal.o
                0x0000000020000008                uwTickFreq
 *fill*         0x0000000020000009        0x3 
 .data._impure_ptr
                0x000000002000000c        0x4 c:/st/stm32cubeide_1.10.1/stm32cubeide/plugins/com.st.stm32cube.ide.mcu.externaltools.gnu-tools-for-stm32.10.3-2021.10.win32_1.0.0.202111181127/tools/bin/../lib/gcc/arm-none-eabi/10.3.1/../../../../arm-none-eabi/lib/thumb/v7-m/nofp\libc_nano.a(lib_a-impure.o)
                0x000000002000000c                _impure_ptr
 .data.impure_data
                0x0000000020000010       0x60 c:/st/stm32cubeide_1.10.1/stm32cubeide/plugins/com.st.stm32cube.ide.mcu.externaltools.gnu-tools-for-stm32.10.3-2021.10.win32_1.0.0.202111181127/tools/bin/../lib/gcc/arm-none-eabi/10.3.1/../../../../arm-none-eabi/lib/thumb/v7-m/nofp\libc_nano.a(lib_a-impure.o)
 *(.RamFunc)
 *(.RamFunc*)
                0x0000000020000070                . = ALIGN (0x4)
                0x0000000020000070                _edata = .

.igot.plt       0x0000000020000070        0x0 load address 0x0000000008005364
 .igot.plt      0x0000000020000070        0x0 c:/st/stm32cubeide_1.10.1/stm32cubeide/plugins/com.st.stm32cube.ide.mcu.externaltools.gnu-tools-for-stm32.10.3-2021.10.win32_1.0.0.202111181127/tools/bin/../lib/gcc/arm-none-eabi/10.3.1/thumb/v7-m/nofp/crtbegin.o
                0x0000000020000070                . = ALIGN (0x4)

.bss            0x0000000020000070      0xdb8 load address 0x0000000008005364
                0x0000000020000070                _sbss = .
                0x0000000020000070                __bss_start__ = _sbss
 *(.bss)
 .bss           0x0000000020000070       0x1c c:/st/stm32cubeide_1.10.1/stm32cubeide/plugins/com.st.stm32cube.ide.mcu.externaltools.gnu-tools-for-stm32.10.3-2021.10.win32_1.0.0.202111181127/tools/bin/../lib/gcc/arm-none-eabi/10.3.1/thumb/v7-m/nofp/crtbegin.o
 *(.bss*)
 .bss.huart1    0x000000002000008c       0x44 ./Core/Src/main.o
                0x000000002000008c                huart1
 .bss.Devs      0x00000000200000d0      0xd40 ./Core/Src/main.o
                0x00000000200000d0                Devs
 .bss.__sbrk_heap_end
                0x0000000020000e10        0x4 ./Core/Src/sysmem.o
 .bss.uwTick    0x0000000020000e14        0x4 ./Drivers/STM32F1xx_HAL_Driver/Src/stm32f1xx_hal.o
                0x0000000020000e14                uwTick
 .bss.__lock___malloc_recursive_mutex
                0x0000000020000e18        0x1 c:/st/stm32cubeide_1.10.1/stm32cubeide/plugins/com.st.stm32cube.ide.mcu.externaltools.gnu-tools-for-stm32.10.3-2021.10.win32_1.0.0.202111181127/tools/bin/../lib/gcc/arm-none-eabi/10.3.1/../../../../arm-none-eabi/lib/thumb/v7-m/nofp\libc_nano.a(lib_a-lock.o)
                0x0000000020000e18                __lock___malloc_recursive_mutex
 .bss.__lock___sfp_recursive_mutex
                0x0000000020000e19        0x1 c:/st/stm32cubeide_1.10.1/stm32cubeide/plugins/com.st.stm32cube.ide.mcu.externaltools.gnu-tools-for-stm32.10.3-2021.10.win32_1.0.0.202111181127/tools/bin/../lib/gcc/arm-none-eabi/10.3.1/../../../../arm-none-eabi/lib/thumb/v7-m/nofp\libc_nano.a(lib_a-lock.o)
                0x0000000020000e19                __lock___sfp_recursive_mutex
 .bss.__lock___sinit_recursive_mutex
                0x0000000020000e1a        0x1 c:/st/stm32cubeide_1.10.1/stm32cubeide/plugins/com.st.stm32cube.ide.mcu.externaltools.gnu-tools-for-stm32.10.3-2021.10.win32_1.0.0.202111181127/tools/bin/../lib/gcc/arm-none-eabi/10.3.1/../../../../arm-none-eabi/lib/thumb/v7-m/nofp\libc_nano.a(lib_a-lock.o)
                0x0000000020000e1a                __lock___sinit_recursive_mutex
 *fill*         0x0000000020000e1b        0x1 
 .bss.__malloc_free_list
                0x0000000020000e1c        0x4 c:/st/stm32cubeide_1.10.1/stm32cubeide/plugins/com.st.stm32cube.ide.mcu.externaltools.gnu-tools-for-stm32.10.3-2021.10.win32_1.0.0.202111181127/tools/bin/../lib/gcc/arm-none-eabi/10.3.1/../../../../arm-none-eabi/lib/thumb/v7-m/nofp\libc_nano.a(lib_a-nano-mallocr.o)
                0x0000000020000e1c                __malloc_free_list
 .bss.__malloc_sbrk_start
                0x0000000020000e20        0x4 c:/st/stm32cubeide_1.10.1/stm32cubeide/plugins/com.st.stm32cube.ide.mcu.externaltools.gnu-tools-for-stm32.10.3-2021.10.win32_1.0.0.202111181127/tools/bin/../lib/gcc/arm-none-eabi/10.3.1/../../../../arm-none-eabi/lib/thumb/v7-m/nofp\libc_nano.a(lib_a-nano-mallocr.o)
                0x0000000020000e20                __malloc_sbrk_start
 .bss.errno     0x0000000020000e24        0x4 c:/st/stm32cubeide_1.10.1/stm32cubeide/plugins/com.st.stm32cube.ide.mcu.externaltools.gnu-tools-for-stm32.10.3-2021.10.win32_1.0.0.202111181127/tools/bin/../lib/gcc/arm-none-eabi/10.3.1/../../../../arm-none-eabi/lib/thumb/v7-m/nofp\libc_nano.a(lib_a-reent.o)
                0x0000000020000e24                errno
 *(COMMON)
                0x0000000020000e28                . = ALIGN (0x4)
                0x0000000020000e28                _ebss = .
                0x0000000020000e28                __bss_end__ = _ebss

._user_heap_stack
                0x0000000020000e28      0x600 load address 0x0000000008005364
                0x0000000020000e28                . = ALIGN (0x8)
                [!provide]                        PROVIDE (end = .)
                0x0000000020000e28                PROVIDE (_end = .)
                0x0000000020001028                . = (. + _Min_Heap_Size)
 *fill*         0x0000000020000e28      0x200 
                0x0000000020001428                . = (. + _Min_Stack_Size)
 *fill*         0x0000000020001028      0x400 
                0x0000000020001428                . = ALIGN (0x8)

/DISCARD/
 libc.a(*)
 libm.a(*)
 libgcc.a(*)

.ARM.attributes
                0x0000000000000000       0x29
 *(.ARM.attributes)
 .ARM.attributes
                0x0000000000000000       0x1d c:/st/stm32cubeide_1.10.1/stm32cubeide/plugins/com.st.stm32cube.ide.mcu.externaltools.gnu-tools-for-stm32.10.3-2021.10.win32_1.0.0.202111181127/tools/bin/../lib/gcc/arm-none-eabi/10.3.1/thumb/v7-m/nofp/crti.o
 .ARM.attributes
                0x000000000000001d       0x2d c:/st/stm32cubeide_1.10.1/stm32cubeide/plugins/com.st.stm32cube.ide.mcu.externaltools.gnu-tools-for-stm32.10.3-2021.10.win32_1.0.0.202111181127/tools/bin/../lib/gcc/arm-none-eabi/10.3.1/thumb/v7-m/nofp/crtbegin.o
 .ARM.attributes
                0x000000000000004a       0x2d ./Core/Src/bsp_i2c.o
 .ARM.attributes
                0x0000000000000077       0x2d ./Core/Src/bsp_i2c2.o
 .ARM.attributes
                0x00000000000000a4       0x2d ./Core/Src/main.o
 .ARM.attributes
                0x00000000000000d1       0x2d ./Core/Src/stm32f1xx_hal_msp.o
 .ARM.attributes
                0x00000000000000fe       0x2d ./Core/Src/stm32f1xx_it.o
 .ARM.attributes
                0x000000000000012b       0x2d ./Core/Src/syscalls.o
 .ARM.attributes
                0x0000000000000158       0x2d ./Core/Src/sysmem.o
 .ARM.attributes
                0x0000000000000185       0x2d ./Core/Src/system_stm32f1xx.o
 .ARM.attributes
                0x00000000000001b2       0x2d ./Core/Src/tca9535.o
 .ARM.attributes
                0x00000000000001df       0x2d ./Core/Src/vl6180x_api.o
 .ARM.attributes
                0x000000000000020c       0x2d ./Core/Src/vl6180x_i2c.o
 .ARM.attributes
                0x0000000000000239       0x21 ./Core/Startup/startup_stm32f103c8tx.o
 .ARM.attributes
                0x000000000000025a       0x2d ./Drivers/STM32F1xx_HAL_Driver/Src/stm32f1xx_hal.o
 .ARM.attributes
                0x0000000000000287       0x2d ./Drivers/STM32F1xx_HAL_Driver/Src/stm32f1xx_hal_cortex.o
 .ARM.attributes
                0x00000000000002b4       0x2d ./Drivers/STM32F1xx_HAL_Driver/Src/stm32f1xx_hal_gpio.o
 .ARM.attributes
                0x00000000000002e1       0x2d ./Drivers/STM32F1xx_HAL_Driver/Src/stm32f1xx_hal_rcc.o
 .ARM.attributes
                0x000000000000030e       0x2d ./Drivers/STM32F1xx_HAL_Driver/Src/stm32f1xx_hal_uart.o
 .ARM.attributes
                0x000000000000033b       0x2d c:/st/stm32cubeide_1.10.1/stm32cubeide/plugins/com.st.stm32cube.ide.mcu.externaltools.gnu-tools-for-stm32.10.3-2021.10.win32_1.0.0.202111181127/tools/bin/../lib/gcc/arm-none-eabi/10.3.1/../../../../arm-none-eabi/lib/thumb/v7-m/nofp\libc_nano.a(lib_a-errno.o)
 .ARM.attributes
                0x0000000000000368       0x2d c:/st/stm32cubeide_1.10.1/stm32cubeide/plugins/com.st.stm32cube.ide.mcu.externaltools.gnu-tools-for-stm32.10.3-2021.10.win32_1.0.0.202111181127/tools/bin/../lib/gcc/arm-none-eabi/10.3.1/../../../../arm-none-eabi/lib/thumb/v7-m/nofp\libc_nano.a(lib_a-impure.o)
 .ARM.attributes
                0x0000000000000395       0x2d c:/st/stm32cubeide_1.10.1/stm32cubeide/plugins/com.st.stm32cube.ide.mcu.externaltools.gnu-tools-for-stm32.10.3-2021.10.win32_1.0.0.202111181127/tools/bin/../lib/gcc/arm-none-eabi/10.3.1/../../../../arm-none-eabi/lib/thumb/v7-m/nofp\libc_nano.a(lib_a-init.o)
 .ARM.attributes
                0x00000000000003c2       0x2d c:/st/stm32cubeide_1.10.1/stm32cubeide/plugins/com.st.stm32cube.ide.mcu.externaltools.gnu-tools-for-stm32.10.3-2021.10.win32_1.0.0.202111181127/tools/bin/../lib/gcc/arm-none-eabi/10.3.1/../../../../arm-none-eabi/lib/thumb/v7-m/nofp\libc_nano.a(lib_a-memset.o)
 .ARM.attributes
                0x00000000000003ef       0x2d c:/st/stm32cubeide_1.10.1/stm32cubeide/plugins/com.st.stm32cube.ide.mcu.externaltools.gnu-tools-for-stm32.10.3-2021.10.win32_1.0.0.202111181127/tools/bin/../lib/gcc/arm-none-eabi/10.3.1/../../../../arm-none-eabi/lib/thumb/v7-m/nofp\libc_nano.a(lib_a-printf.o)
 .ARM.attributes
                0x000000000000041c       0x2d c:/st/stm32cubeide_1.10.1/stm32cubeide/plugins/com.st.stm32cube.ide.mcu.externaltools.gnu-tools-for-stm32.10.3-2021.10.win32_1.0.0.202111181127/tools/bin/../lib/gcc/arm-none-eabi/10.3.1/../../../../arm-none-eabi/lib/thumb/v7-m/nofp\libc_nano.a(lib_a-findfp.o)
 .ARM.attributes
                0x0000000000000449       0x2d c:/st/stm32cubeide_1.10.1/stm32cubeide/plugins/com.st.stm32cube.ide.mcu.externaltools.gnu-tools-for-stm32.10.3-2021.10.win32_1.0.0.202111181127/tools/bin/../lib/gcc/arm-none-eabi/10.3.1/../../../../arm-none-eabi/lib/thumb/v7-m/nofp\libc_nano.a(lib_a-fwalk.o)
 .ARM.attributes
                0x0000000000000476       0x2d c:/st/stm32cubeide_1.10.1/stm32cubeide/plugins/com.st.stm32cube.ide.mcu.externaltools.gnu-tools-for-stm32.10.3-2021.10.win32_1.0.0.202111181127/tools/bin/../lib/gcc/arm-none-eabi/10.3.1/../../../../arm-none-eabi/lib/thumb/v7-m/nofp\libc_nano.a(lib_a-lock.o)
 .ARM.attributes
                0x00000000000004a3       0x2d c:/st/stm32cubeide_1.10.1/stm32cubeide/plugins/com.st.stm32cube.ide.mcu.externaltools.gnu-tools-for-stm32.10.3-2021.10.win32_1.0.0.202111181127/tools/bin/../lib/gcc/arm-none-eabi/10.3.1/../../../../arm-none-eabi/lib/thumb/v7-m/nofp\libc_nano.a(lib_a-nano-mallocr.o)
 .ARM.attributes
                0x00000000000004d0       0x2d c:/st/stm32cubeide_1.10.1/stm32cubeide/plugins/com.st.stm32cube.ide.mcu.externaltools.gnu-tools-for-stm32.10.3-2021.10.win32_1.0.0.202111181127/tools/bin/../lib/gcc/arm-none-eabi/10.3.1/../../../../arm-none-eabi/lib/thumb/v7-m/nofp\libc_nano.a(lib_a-nano-vfprintf.o)
 .ARM.attributes
                0x00000000000004fd       0x2d c:/st/stm32cubeide_1.10.1/stm32cubeide/plugins/com.st.stm32cube.ide.mcu.externaltools.gnu-tools-for-stm32.10.3-2021.10.win32_1.0.0.202111181127/tools/bin/../lib/gcc/arm-none-eabi/10.3.1/../../../../arm-none-eabi/lib/thumb/v7-m/nofp\libc_nano.a(lib_a-nano-vfprintf_i.o)
 .ARM.attributes
                0x000000000000052a       0x2d c:/st/stm32cubeide_1.10.1/stm32cubeide/plugins/com.st.stm32cube.ide.mcu.externaltools.gnu-tools-for-stm32.10.3-2021.10.win32_1.0.0.202111181127/tools/bin/../lib/gcc/arm-none-eabi/10.3.1/../../../../arm-none-eabi/lib/thumb/v7-m/nofp\libc_nano.a(lib_a-sbrkr.o)
 .ARM.attributes
                0x0000000000000557       0x2d c:/st/stm32cubeide_1.10.1/stm32cubeide/plugins/com.st.stm32cube.ide.mcu.externaltools.gnu-tools-for-stm32.10.3-2021.10.win32_1.0.0.202111181127/tools/bin/../lib/gcc/arm-none-eabi/10.3.1/../../../../arm-none-eabi/lib/thumb/v7-m/nofp\libc_nano.a(lib_a-stdio.o)
 .ARM.attributes
                0x0000000000000584       0x2d c:/st/stm32cubeide_1.10.1/stm32cubeide/plugins/com.st.stm32cube.ide.mcu.externaltools.gnu-tools-for-stm32.10.3-2021.10.win32_1.0.0.202111181127/tools/bin/../lib/gcc/arm-none-eabi/10.3.1/../../../../arm-none-eabi/lib/thumb/v7-m/nofp\libc_nano.a(lib_a-wbuf.o)
 .ARM.attributes
                0x00000000000005b1       0x2d c:/st/stm32cubeide_1.10.1/stm32cubeide/plugins/com.st.stm32cube.ide.mcu.externaltools.gnu-tools-for-stm32.10.3-2021.10.win32_1.0.0.202111181127/tools/bin/../lib/gcc/arm-none-eabi/10.3.1/../../../../arm-none-eabi/lib/thumb/v7-m/nofp\libc_nano.a(lib_a-writer.o)
 .ARM.attributes
                0x00000000000005de       0x2d c:/st/stm32cubeide_1.10.1/stm32cubeide/plugins/com.st.stm32cube.ide.mcu.externaltools.gnu-tools-for-stm32.10.3-2021.10.win32_1.0.0.202111181127/tools/bin/../lib/gcc/arm-none-eabi/10.3.1/../../../../arm-none-eabi/lib/thumb/v7-m/nofp\libc_nano.a(lib_a-wsetup.o)
 .ARM.attributes
                0x000000000000060b       0x2d c:/st/stm32cubeide_1.10.1/stm32cubeide/plugins/com.st.stm32cube.ide.mcu.externaltools.gnu-tools-for-stm32.10.3-2021.10.win32_1.0.0.202111181127/tools/bin/../lib/gcc/arm-none-eabi/10.3.1/../../../../arm-none-eabi/lib/thumb/v7-m/nofp\libc_nano.a(lib_a-closer.o)
 .ARM.attributes
                0x0000000000000638       0x2d c:/st/stm32cubeide_1.10.1/stm32cubeide/plugins/com.st.stm32cube.ide.mcu.externaltools.gnu-tools-for-stm32.10.3-2021.10.win32_1.0.0.202111181127/tools/bin/../lib/gcc/arm-none-eabi/10.3.1/../../../../arm-none-eabi/lib/thumb/v7-m/nofp\libc_nano.a(lib_a-fflush.o)
 .ARM.attributes
                0x0000000000000665       0x2d c:/st/stm32cubeide_1.10.1/stm32cubeide/plugins/com.st.stm32cube.ide.mcu.externaltools.gnu-tools-for-stm32.10.3-2021.10.win32_1.0.0.202111181127/tools/bin/../lib/gcc/arm-none-eabi/10.3.1/../../../../arm-none-eabi/lib/thumb/v7-m/nofp\libc_nano.a(lib_a-lseekr.o)
 .ARM.attributes
                0x0000000000000692       0x2d c:/st/stm32cubeide_1.10.1/stm32cubeide/plugins/com.st.stm32cube.ide.mcu.externaltools.gnu-tools-for-stm32.10.3-2021.10.win32_1.0.0.202111181127/tools/bin/../lib/gcc/arm-none-eabi/10.3.1/../../../../arm-none-eabi/lib/thumb/v7-m/nofp\libc_nano.a(lib_a-makebuf.o)
 .ARM.attributes
                0x00000000000006bf       0x2d c:/st/stm32cubeide_1.10.1/stm32cubeide/plugins/com.st.stm32cube.ide.mcu.externaltools.gnu-tools-for-stm32.10.3-2021.10.win32_1.0.0.202111181127/tools/bin/../lib/gcc/arm-none-eabi/10.3.1/../../../../arm-none-eabi/lib/thumb/v7-m/nofp\libc_nano.a(lib_a-memchr-stub.o)
 .ARM.attributes
                0x00000000000006ec       0x2d c:/st/stm32cubeide_1.10.1/stm32cubeide/plugins/com.st.stm32cube.ide.mcu.externaltools.gnu-tools-for-stm32.10.3-2021.10.win32_1.0.0.202111181127/tools/bin/../lib/gcc/arm-none-eabi/10.3.1/../../../../arm-none-eabi/lib/thumb/v7-m/nofp\libc_nano.a(lib_a-mlock.o)
 .ARM.attributes
                0x0000000000000719       0x2d c:/st/stm32cubeide_1.10.1/stm32cubeide/plugins/com.st.stm32cube.ide.mcu.externaltools.gnu-tools-for-stm32.10.3-2021.10.win32_1.0.0.202111181127/tools/bin/../lib/gcc/arm-none-eabi/10.3.1/../../../../arm-none-eabi/lib/thumb/v7-m/nofp\libc_nano.a(lib_a-nano-freer.o)
 .ARM.attributes
                0x0000000000000746       0x2d c:/st/stm32cubeide_1.10.1/stm32cubeide/plugins/com.st.stm32cube.ide.mcu.externaltools.gnu-tools-for-stm32.10.3-2021.10.win32_1.0.0.202111181127/tools/bin/../lib/gcc/arm-none-eabi/10.3.1/../../../../arm-none-eabi/lib/thumb/v7-m/nofp\libc_nano.a(lib_a-readr.o)
 .ARM.attributes
                0x0000000000000773       0x2d c:/st/stm32cubeide_1.10.1/stm32cubeide/plugins/com.st.stm32cube.ide.mcu.externaltools.gnu-tools-for-stm32.10.3-2021.10.win32_1.0.0.202111181127/tools/bin/../lib/gcc/arm-none-eabi/10.3.1/../../../../arm-none-eabi/lib/thumb/v7-m/nofp\libc_nano.a(lib_a-reent.o)
 .ARM.attributes
                0x00000000000007a0       0x2d c:/st/stm32cubeide_1.10.1/stm32cubeide/plugins/com.st.stm32cube.ide.mcu.externaltools.gnu-tools-for-stm32.10.3-2021.10.win32_1.0.0.202111181127/tools/bin/../lib/gcc/arm-none-eabi/10.3.1/../../../../arm-none-eabi/lib/thumb/v7-m/nofp\libc_nano.a(lib_a-fstatr.o)
 .ARM.attributes
                0x00000000000007cd       0x2d c:/st/stm32cubeide_1.10.1/stm32cubeide/plugins/com.st.stm32cube.ide.mcu.externaltools.gnu-tools-for-stm32.10.3-2021.10.win32_1.0.0.202111181127/tools/bin/../lib/gcc/arm-none-eabi/10.3.1/../../../../arm-none-eabi/lib/thumb/v7-m/nofp\libc_nano.a(lib_a-isattyr.o)
 .ARM.attributes
                0x00000000000007fa       0x1d c:/st/stm32cubeide_1.10.1/stm32cubeide/plugins/com.st.stm32cube.ide.mcu.externaltools.gnu-tools-for-stm32.10.3-2021.10.win32_1.0.0.202111181127/tools/bin/../lib/gcc/arm-none-eabi/10.3.1/thumb/v7-m/nofp/crtn.o
OUTPUT(Proximity_Sensor.elf elf32-littlearm)
LOAD linker stubs
LOAD c:/st/stm32cubeide_1.10.1/stm32cubeide/plugins/com.st.stm32cube.ide.mcu.externaltools.gnu-tools-for-stm32.10.3-2021.10.win32_1.0.0.202111181127/tools/bin/../lib/gcc/arm-none-eabi/10.3.1/../../../../arm-none-eabi/lib/thumb/v7-m/nofp\libc.a
LOAD c:/st/stm32cubeide_1.10.1/stm32cubeide/plugins/com.st.stm32cube.ide.mcu.externaltools.gnu-tools-for-stm32.10.3-2021.10.win32_1.0.0.202111181127/tools/bin/../lib/gcc/arm-none-eabi/10.3.1/../../../../arm-none-eabi/lib/thumb/v7-m/nofp\libm.a
LOAD c:/st/stm32cubeide_1.10.1/stm32cubeide/plugins/com.st.stm32cube.ide.mcu.externaltools.gnu-tools-for-stm32.10.3-2021.10.win32_1.0.0.202111181127/tools/bin/../lib/gcc/arm-none-eabi/10.3.1/thumb/v7-m/nofp\libgcc.a

.debug_info     0x0000000000000000     0x98da
 .debug_info    0x0000000000000000      0x2ac ./Core/Src/bsp_i2c.o
 .debug_info    0x00000000000002ac      0x2ac ./Core/Src/bsp_i2c2.o
 .debug_info    0x0000000000000558     0x1021 ./Core/Src/main.o
 .debug_info    0x0000000000001579      0x83d ./Core/Src/stm32f1xx_hal_msp.o
 .debug_info    0x0000000000001db6      0x122 ./Core/Src/stm32f1xx_it.o
 .debug_info    0x0000000000001ed8      0x6e0 ./Core/Src/syscalls.o
 .debug_info    0x00000000000025b8      0x171 ./Core/Src/sysmem.o
 .debug_info    0x0000000000002729      0x23d ./Core/Src/system_stm32f1xx.o
 .debug_info    0x0000000000002966      0x3d3 ./Core/Src/tca9535.o
 .debug_info    0x0000000000002d39     0x2b03 ./Core/Src/vl6180x_api.o
 .debug_info    0x000000000000583c      0x9db ./Core/Src/vl6180x_i2c.o
 .debug_info    0x0000000000006217       0x22 ./Core/Startup/startup_stm32f103c8tx.o
 .debug_info    0x0000000000006239      0x734 ./Drivers/STM32F1xx_HAL_Driver/Src/stm32f1xx_hal.o
 .debug_info    0x000000000000696d      0xb20 ./Drivers/STM32F1xx_HAL_Driver/Src/stm32f1xx_hal_cortex.o
 .debug_info    0x000000000000748d      0x615 ./Drivers/STM32F1xx_HAL_Driver/Src/stm32f1xx_hal_gpio.o
 .debug_info    0x0000000000007aa2      0x860 ./Drivers/STM32F1xx_HAL_Driver/Src/stm32f1xx_hal_rcc.o
 .debug_info    0x0000000000008302     0x15d8 ./Drivers/STM32F1xx_HAL_Driver/Src/stm32f1xx_hal_uart.o

.debug_abbrev   0x0000000000000000     0x1d5f
 .debug_abbrev  0x0000000000000000      0x18b ./Core/Src/bsp_i2c.o
 .debug_abbrev  0x000000000000018b      0x18b ./Core/Src/bsp_i2c2.o
 .debug_abbrev  0x0000000000000316      0x30c ./Core/Src/main.o
 .debug_abbrev  0x0000000000000622      0x194 ./Core/Src/stm32f1xx_hal_msp.o
 .debug_abbrev  0x00000000000007b6       0x74 ./Core/Src/stm32f1xx_it.o
 .debug_abbrev  0x000000000000082a      0x1b3 ./Core/Src/syscalls.o
 .debug_abbrev  0x00000000000009dd       0xbb ./Core/Src/sysmem.o
 .debug_abbrev  0x0000000000000a98      0x13b ./Core/Src/system_stm32f1xx.o
 .debug_abbrev  0x0000000000000bd3      0x104 ./Core/Src/tca9535.o
 .debug_abbrev  0x0000000000000cd7      0x319 ./Core/Src/vl6180x_api.o
 .debug_abbrev  0x0000000000000ff0      0x19a ./Core/Src/vl6180x_i2c.o
 .debug_abbrev  0x000000000000118a       0x12 ./Core/Startup/startup_stm32f103c8tx.o
 .debug_abbrev  0x000000000000119c      0x1fb ./Drivers/STM32F1xx_HAL_Driver/Src/stm32f1xx_hal.o
 .debug_abbrev  0x0000000000001397      0x2ed ./Drivers/STM32F1xx_HAL_Driver/Src/stm32f1xx_hal_cortex.o
 .debug_abbrev  0x0000000000001684      0x1bb ./Drivers/STM32F1xx_HAL_Driver/Src/stm32f1xx_hal_gpio.o
 .debug_abbrev  0x000000000000183f      0x2a8 ./Drivers/STM32F1xx_HAL_Driver/Src/stm32f1xx_hal_rcc.o
 .debug_abbrev  0x0000000000001ae7      0x278 ./Drivers/STM32F1xx_HAL_Driver/Src/stm32f1xx_hal_uart.o

.debug_aranges  0x0000000000000000      0xa98
 .debug_aranges
                0x0000000000000000       0x58 ./Core/Src/bsp_i2c.o
 .debug_aranges
                0x0000000000000058       0x58 ./Core/Src/bsp_i2c2.o
 .debug_aranges
                0x00000000000000b0       0x58 ./Core/Src/main.o
 .debug_aranges
                0x0000000000000108       0x30 ./Core/Src/stm32f1xx_hal_msp.o
 .debug_aranges
                0x0000000000000138       0x60 ./Core/Src/stm32f1xx_it.o
 .debug_aranges
                0x0000000000000198       0xa8 ./Core/Src/syscalls.o
 .debug_aranges
                0x0000000000000240       0x20 ./Core/Src/sysmem.o
 .debug_aranges
                0x0000000000000260       0x28 ./Core/Src/system_stm32f1xx.o
 .debug_aranges
                0x0000000000000288       0x38 ./Core/Src/tca9535.o
 .debug_aranges
                0x00000000000002c0      0x280 ./Core/Src/vl6180x_api.o
 .debug_aranges
                0x0000000000000540       0x68 ./Core/Src/vl6180x_i2c.o
 .debug_aranges
                0x00000000000005a8       0x28 ./Core/Startup/startup_stm32f103c8tx.o
 .debug_aranges
                0x00000000000005d0       0xe0 ./Drivers/STM32F1xx_HAL_Driver/Src/stm32f1xx_hal.o
 .debug_aranges
                0x00000000000006b0      0x100 ./Drivers/STM32F1xx_HAL_Driver/Src/stm32f1xx_hal_cortex.o
 .debug_aranges
                0x00000000000007b0       0x58 ./Drivers/STM32F1xx_HAL_Driver/Src/stm32f1xx_hal_gpio.o
 .debug_aranges
                0x0000000000000808       0x90 ./Drivers/STM32F1xx_HAL_Driver/Src/stm32f1xx_hal_rcc.o
 .debug_aranges
                0x0000000000000898      0x200 ./Drivers/STM32F1xx_HAL_Driver/Src/stm32f1xx_hal_uart.o

.debug_ranges   0x0000000000000000      0x9c0
 .debug_ranges  0x0000000000000000       0x48 ./Core/Src/bsp_i2c.o
 .debug_ranges  0x0000000000000048       0x48 ./Core/Src/bsp_i2c2.o
 .debug_ranges  0x0000000000000090       0x48 ./Core/Src/main.o
 .debug_ranges  0x00000000000000d8       0x20 ./Core/Src/stm32f1xx_hal_msp.o
 .debug_ranges  0x00000000000000f8       0x50 ./Core/Src/stm32f1xx_it.o
 .debug_ranges  0x0000000000000148       0x98 ./Core/Src/syscalls.o
 .debug_ranges  0x00000000000001e0       0x10 ./Core/Src/sysmem.o
 .debug_ranges  0x00000000000001f0       0x18 ./Core/Src/system_stm32f1xx.o
 .debug_ranges  0x0000000000000208       0x28 ./Core/Src/tca9535.o
 .debug_ranges  0x0000000000000230      0x270 ./Core/Src/vl6180x_api.o
 .debug_ranges  0x00000000000004a0       0x58 ./Core/Src/vl6180x_i2c.o
 .debug_ranges  0x00000000000004f8       0x20 ./Core/Startup/startup_stm32f103c8tx.o
 .debug_ranges  0x0000000000000518       0xd0 ./Drivers/STM32F1xx_HAL_Driver/Src/stm32f1xx_hal.o
 .debug_ranges  0x00000000000005e8       0xf0 ./Drivers/STM32F1xx_HAL_Driver/Src/stm32f1xx_hal_cortex.o
 .debug_ranges  0x00000000000006d8       0x48 ./Drivers/STM32F1xx_HAL_Driver/Src/stm32f1xx_hal_gpio.o
 .debug_ranges  0x0000000000000720       0x80 ./Drivers/STM32F1xx_HAL_Driver/Src/stm32f1xx_hal_rcc.o
 .debug_ranges  0x00000000000007a0      0x220 ./Drivers/STM32F1xx_HAL_Driver/Src/stm32f1xx_hal_uart.o

.debug_macro    0x0000000000000000    0x19442
 .debug_macro   0x0000000000000000      0x1ef ./Core/Src/bsp_i2c.o
 .debug_macro   0x00000000000001ef      0xa6c ./Core/Src/bsp_i2c.o
 .debug_macro   0x0000000000000c5b      0x215 ./Core/Src/bsp_i2c.o
 .debug_macro   0x0000000000000e70       0x2e ./Core/Src/bsp_i2c.o
 .debug_macro   0x0000000000000e9e       0x22 ./Core/Src/bsp_i2c.o
 .debug_macro   0x0000000000000ec0       0x22 ./Core/Src/bsp_i2c.o
 .debug_macro   0x0000000000000ee2       0x8e ./Core/Src/bsp_i2c.o
 .debug_macro   0x0000000000000f70       0x51 ./Core/Src/bsp_i2c.o
 .debug_macro   0x0000000000000fc1      0x103 ./Core/Src/bsp_i2c.o
 .debug_macro   0x00000000000010c4       0x6a ./Core/Src/bsp_i2c.o
 .debug_macro   0x000000000000112e      0x1df ./Core/Src/bsp_i2c.o
 .debug_macro   0x000000000000130d       0x1c ./Core/Src/bsp_i2c.o
 .debug_macro   0x0000000000001329       0x22 ./Core/Src/bsp_i2c.o
 .debug_macro   0x000000000000134b       0xbd ./Core/Src/bsp_i2c.o
 .debug_macro   0x0000000000001408      0xd23 ./Core/Src/bsp_i2c.o
 .debug_macro   0x000000000000212b     0xe09e ./Core/Src/bsp_i2c.o
 .debug_macro   0x00000000000101c9       0x6d ./Core/Src/bsp_i2c.o
 .debug_macro   0x0000000000010236     0x3468 ./Core/Src/bsp_i2c.o
 .debug_macro   0x000000000001369e      0x174 ./Core/Src/bsp_i2c.o
 .debug_macro   0x0000000000013812       0x5c ./Core/Src/bsp_i2c.o
 .debug_macro   0x000000000001386e      0x5be ./Core/Src/bsp_i2c.o
 .debug_macro   0x0000000000013e2c      0x289 ./Core/Src/bsp_i2c.o
 .debug_macro   0x00000000000140b5      0x1cb ./Core/Src/bsp_i2c.o
 .debug_macro   0x0000000000014280      0x114 ./Core/Src/bsp_i2c.o
 .debug_macro   0x0000000000014394      0x1b2 ./Core/Src/bsp_i2c.o
 .debug_macro   0x0000000000014546       0x27 ./Core/Src/bsp_i2c.o
 .debug_macro   0x000000000001456d      0x136 ./Core/Src/bsp_i2c.o
 .debug_macro   0x00000000000146a3      0x1bc ./Core/Src/bsp_i2c.o
 .debug_macro   0x000000000001485f       0x34 ./Core/Src/bsp_i2c.o
 .debug_macro   0x0000000000014893       0x3c ./Core/Src/bsp_i2c.o
 .debug_macro   0x00000000000148cf       0x57 ./Core/Src/bsp_i2c.o
 .debug_macro   0x0000000000014926       0x88 ./Core/Src/bsp_i2c.o
 .debug_macro   0x00000000000149ae      0x241 ./Core/Src/bsp_i2c.o
 .debug_macro   0x0000000000014bef      0x141 ./Core/Src/bsp_i2c.o
 .debug_macro   0x0000000000014d30      0x279 ./Core/Src/bsp_i2c.o
 .debug_macro   0x0000000000014fa9       0x83 ./Core/Src/bsp_i2c.o
 .debug_macro   0x000000000001502c       0x52 ./Core/Src/bsp_i2c.o
 .debug_macro   0x000000000001507e       0x18 ./Core/Src/bsp_i2c.o
 .debug_macro   0x0000000000015096       0x3c ./Core/Src/bsp_i2c.o
 .debug_macro   0x00000000000150d2       0x3a ./Core/Src/bsp_i2c.o
 .debug_macro   0x000000000001510c       0x35 ./Core/Src/bsp_i2c.o
 .debug_macro   0x0000000000015141      0x460 ./Core/Src/bsp_i2c.o
 .debug_macro   0x00000000000155a1       0x3a ./Core/Src/bsp_i2c.o
 .debug_macro   0x00000000000155db      0x1fe ./Core/Src/bsp_i2c2.o
 .debug_macro   0x00000000000157d9       0x4c ./Core/Src/bsp_i2c2.o
 .debug_macro   0x0000000000015825       0x3a ./Core/Src/bsp_i2c2.o
 .debug_macro   0x000000000001585f      0x430 ./Core/Src/main.o
 .debug_macro   0x0000000000015c8f       0x10 ./Core/Src/main.o
 .debug_macro   0x0000000000015c9f      0x341 ./Core/Src/main.o
 .debug_macro   0x0000000000015fe0       0x10 ./Core/Src/main.o
 .debug_macro   0x0000000000015ff0       0x16 ./Core/Src/main.o
 .debug_macro   0x0000000000016006       0x43 ./Core/Src/main.o
 .debug_macro   0x0000000000016049       0x34 ./Core/Src/main.o
 .debug_macro   0x000000000001607d       0x1c ./Core/Src/main.o
 .debug_macro   0x0000000000016099       0x52 ./Core/Src/main.o
 .debug_macro   0x00000000000160eb       0x22 ./Core/Src/main.o
 .debug_macro   0x000000000001610d       0x10 ./Core/Src/main.o
 .debug_macro   0x000000000001611d       0x52 ./Core/Src/main.o
 .debug_macro   0x000000000001616f       0xd5 ./Core/Src/main.o
 .debug_macro   0x0000000000016244       0x1c ./Core/Src/main.o
 .debug_macro   0x0000000000016260       0x3d ./Core/Src/main.o
 .debug_macro   0x000000000001629d      0x51a ./Core/Src/main.o
 .debug_macro   0x00000000000167b7       0x36 ./Core/Src/main.o
 .debug_macro   0x00000000000167ed       0x28 ./Core/Src/main.o
 .debug_macro   0x0000000000016815       0x28 ./Core/Src/main.o
 .debug_macro   0x000000000001683d      0x2bb ./Core/Src/main.o
 .debug_macro   0x0000000000016af8       0x35 ./Core/Src/main.o
 .debug_macro   0x0000000000016b2d       0x40 ./Core/Src/main.o
 .debug_macro   0x0000000000016b6d       0x46 ./Core/Src/main.o
 .debug_macro   0x0000000000016bb3       0x10 ./Core/Src/main.o
 .debug_macro   0x0000000000016bc3       0x58 ./Core/Src/main.o
 .debug_macro   0x0000000000016c1b       0x71 ./Core/Src/main.o
 .debug_macro   0x0000000000016c8c       0x1c ./Core/Src/main.o
 .debug_macro   0x0000000000016ca8      0x12a ./Core/Src/main.o
 .debug_macro   0x0000000000016dd2       0x10 ./Core/Src/main.o
 .debug_macro   0x0000000000016de2       0x20 ./Core/Src/main.o
 .debug_macro   0x0000000000016e02       0x16 ./Core/Src/main.o
 .debug_macro   0x0000000000016e18       0x16 ./Core/Src/main.o
 .debug_macro   0x0000000000016e2e       0x29 ./Core/Src/main.o
 .debug_macro   0x0000000000016e57       0x1c ./Core/Src/main.o
 .debug_macro   0x0000000000016e73       0x10 ./Core/Src/main.o
 .debug_macro   0x0000000000016e83       0x10 ./Core/Src/main.o
 .debug_macro   0x0000000000016e93       0x16 ./Core/Src/main.o
 .debug_macro   0x0000000000016ea9      0x130 ./Core/Src/main.o
 .debug_macro   0x0000000000016fd9      0x19b ./Core/Src/main.o
 .debug_macro   0x0000000000017174      0x19d ./Core/Src/stm32f1xx_hal_msp.o
 .debug_macro   0x0000000000017311      0x1a7 ./Core/Src/stm32f1xx_it.o
 .debug_macro   0x00000000000174b8      0x24c ./Core/Src/syscalls.o
 .debug_macro   0x0000000000017704       0x4c ./Core/Src/syscalls.o
 .debug_macro   0x0000000000017750       0x94 ./Core/Src/syscalls.o
 .debug_macro   0x00000000000177e4       0x34 ./Core/Src/syscalls.o
 .debug_macro   0x0000000000017818       0x57 ./Core/Src/syscalls.o
 .debug_macro   0x000000000001786f       0x10 ./Core/Src/syscalls.o
 .debug_macro   0x000000000001787f       0x10 ./Core/Src/syscalls.o
 .debug_macro   0x000000000001788f       0x10 ./Core/Src/syscalls.o
 .debug_macro   0x000000000001789f       0x35 ./Core/Src/syscalls.o
 .debug_macro   0x00000000000178d4      0x12c ./Core/Src/syscalls.o
 .debug_macro   0x0000000000017a00       0x10 ./Core/Src/syscalls.o
 .debug_macro   0x0000000000017a10      0x241 ./Core/Src/syscalls.o
 .debug_macro   0x0000000000017c51      0x145 ./Core/Src/syscalls.o
 .debug_macro   0x0000000000017d96      0x189 ./Core/Src/syscalls.o
 .debug_macro   0x0000000000017f1f       0x16 ./Core/Src/syscalls.o
 .debug_macro   0x0000000000017f35       0xce ./Core/Src/syscalls.o
 .debug_macro   0x0000000000018003       0xff ./Core/Src/sysmem.o
 .debug_macro   0x0000000000018102      0x23b ./Core/Src/sysmem.o
 .debug_macro   0x000000000001833d      0x18e ./Core/Src/system_stm32f1xx.o
 .debug_macro   0x00000000000184cb       0x7f ./Core/Src/tca9535.o
 .debug_macro   0x000000000001854a      0x2f3 ./Core/Src/vl6180x_api.o
 .debug_macro   0x000000000001883d       0xcf ./Core/Src/vl6180x_api.o
 .debug_macro   0x000000000001890c       0x20 ./Core/Src/vl6180x_api.o
 .debug_macro   0x000000000001892c       0xbe ./Core/Src/vl6180x_api.o
 .debug_macro   0x00000000000189ea      0x1d2 ./Core/Src/vl6180x_i2c.o
 .debug_macro   0x0000000000018bbc       0x1e ./Core/Src/vl6180x_i2c.o
 .debug_macro   0x0000000000018bda      0x1b2 ./Drivers/STM32F1xx_HAL_Driver/Src/stm32f1xx_hal.o
 .debug_macro   0x0000000000018d8c      0x18e ./Drivers/STM32F1xx_HAL_Driver/Src/stm32f1xx_hal_cortex.o
 .debug_macro   0x0000000000018f1a      0x1f9 ./Drivers/STM32F1xx_HAL_Driver/Src/stm32f1xx_hal_gpio.o
 .debug_macro   0x0000000000019113      0x1a0 ./Drivers/STM32F1xx_HAL_Driver/Src/stm32f1xx_hal_rcc.o
 .debug_macro   0x00000000000192b3      0x18f ./Drivers/STM32F1xx_HAL_Driver/Src/stm32f1xx_hal_uart.o

.debug_line     0x0000000000000000     0xaa59
 .debug_line    0x0000000000000000      0x892 ./Core/Src/bsp_i2c.o
 .debug_line    0x0000000000000892      0x89e ./Core/Src/bsp_i2c2.o
 .debug_line    0x0000000000001130      0xafe ./Core/Src/main.o
 .debug_line    0x0000000000001c2e      0x694 ./Core/Src/stm32f1xx_hal_msp.o
 .debug_line    0x00000000000022c2      0x703 ./Core/Src/stm32f1xx_it.o
 .debug_line    0x00000000000029c5      0x7f4 ./Core/Src/syscalls.o
 .debug_line    0x00000000000031b9      0x4ea ./Core/Src/sysmem.o
 .debug_line    0x00000000000036a3      0x6bf ./Core/Src/system_stm32f1xx.o
 .debug_line    0x0000000000003d62      0x4b0 ./Core/Src/tca9535.o
 .debug_line    0x0000000000004212     0x1b87 ./Core/Src/vl6180x_api.o
 .debug_line    0x0000000000005d99      0x835 ./Core/Src/vl6180x_i2c.o
 .debug_line    0x00000000000065ce       0x87 ./Core/Startup/startup_stm32f103c8tx.o
 .debug_line    0x0000000000006655      0x8ec ./Drivers/STM32F1xx_HAL_Driver/Src/stm32f1xx_hal.o
 .debug_line    0x0000000000006f41      0xad4 ./Drivers/STM32F1xx_HAL_Driver/Src/stm32f1xx_hal_cortex.o
 .debug_line    0x0000000000007a15      0x983 ./Drivers/STM32F1xx_HAL_Driver/Src/stm32f1xx_hal_gpio.o
 .debug_line    0x0000000000008398      0xcfa ./Drivers/STM32F1xx_HAL_Driver/Src/stm32f1xx_hal_rcc.o
 .debug_line    0x0000000000009092     0x19c7 ./Drivers/STM32F1xx_HAL_Driver/Src/stm32f1xx_hal_uart.o

.debug_str      0x0000000000000000    0x8941e
 .debug_str     0x0000000000000000    0x7d86a ./Core/Src/bsp_i2c.o
                                      0x7dbc0 (size before relaxing)
 .debug_str     0x000000000007d86a      0x1e9 ./Core/Src/bsp_i2c2.o
                                      0x7dcfd (size before relaxing)
 .debug_str     0x000000000007da53     0x7249 ./Core/Src/main.o
                                      0x84f84 (size before relaxing)
 .debug_str     0x0000000000084c9c       0x94 ./Core/Src/stm32f1xx_hal_msp.o
                                      0x7cbbe (size before relaxing)
 .debug_str     0x0000000000084d30       0xc9 ./Core/Src/stm32f1xx_it.o
                                      0x7c776 (size before relaxing)
 .debug_str     0x0000000000084df9     0x1651 ./Core/Src/syscalls.o
                                       0x8a09 (size before relaxing)
 .debug_str     0x000000000008644a       0x6b ./Core/Src/sysmem.o
                                       0x5d45 (size before relaxing)
 .debug_str     0x00000000000864b5       0x7e ./Core/Src/system_stm32f1xx.o
                                      0x7c670 (size before relaxing)
 .debug_str     0x0000000000086533       0x4a ./Core/Src/tca9535.o
                                       0x40a6 (size before relaxing)
 .debug_str     0x000000000008657d     0x1987 ./Core/Src/vl6180x_api.o
                                       0xa213 (size before relaxing)
 .debug_str     0x0000000000087f04      0x130 ./Core/Src/vl6180x_i2c.o
                                       0x84dd (size before relaxing)
 .debug_str     0x0000000000088034       0x36 ./Core/Startup/startup_stm32f103c8tx.o
                                         0x5f (size before relaxing)
 .debug_str     0x000000000008806a      0x602 ./Drivers/STM32F1xx_HAL_Driver/Src/stm32f1xx_hal.o
                                      0x7cda3 (size before relaxing)
 .debug_str     0x000000000008866c      0x2b1 ./Drivers/STM32F1xx_HAL_Driver/Src/stm32f1xx_hal_cortex.o
                                      0x7ccef (size before relaxing)
 .debug_str     0x000000000008891d      0x2cf ./Drivers/STM32F1xx_HAL_Driver/Src/stm32f1xx_hal_gpio.o
                                      0x7c9f6 (size before relaxing)
 .debug_str     0x0000000000088bec      0x229 ./Drivers/STM32F1xx_HAL_Driver/Src/stm32f1xx_hal_rcc.o
                                      0x7ca9f (size before relaxing)
 .debug_str     0x0000000000088e15      0x609 ./Drivers/STM32F1xx_HAL_Driver/Src/stm32f1xx_hal_uart.o
                                      0x7d0aa (size before relaxing)

.comment        0x0000000000000000       0x50
 .comment       0x0000000000000000       0x50 ./Core/Src/bsp_i2c.o
                                         0x51 (size before relaxing)
 .comment       0x0000000000000050       0x51 ./Core/Src/bsp_i2c2.o
 .comment       0x0000000000000050       0x51 ./Core/Src/main.o
 .comment       0x0000000000000050       0x51 ./Core/Src/stm32f1xx_hal_msp.o
 .comment       0x0000000000000050       0x51 ./Core/Src/stm32f1xx_it.o
 .comment       0x0000000000000050       0x51 ./Core/Src/syscalls.o
 .comment       0x0000000000000050       0x51 ./Core/Src/sysmem.o
 .comment       0x0000000000000050       0x51 ./Core/Src/system_stm32f1xx.o
 .comment       0x0000000000000050       0x51 ./Core/Src/tca9535.o