../Drivers/CMSIS/Include/core_cm3.h:1639:22:__NVIC_SetPriority	16	static
../Drivers/CMSIS/Include/core_cm3.h:1834:26:SysTick_Config	16	static
../Core/Src/main.c:58:1:__io_putchar	16	static
../Core/Src/main.c:70:1:__io_getchar	16	static
../Core/Src/main.c:94:5:main	32	static
../Core/Src/main.c:166:6:Sample_SimpleRanging	656	static
../Core/Src/main.c:199:6:SystemClock_Config	72	static
../Core/Src/main.c:238:13:MX_USART1_UART_Init	8	static
../Core/Src/main.c:271:13:MX_GPIO_Init	40	static
../Core/Src/main.c:324:6:Error_Handler	4	static,ignoring_inline_asm
